[    0.000000] Linux version 7.3.0-rc1-cifs (ubuntu@1a18d9f072d9) (gcc (Ubuntu 15.2.0-16ubuntu1) 15.2.0, GNU ld (GNU Binutils for Ubuntu) 2.46) #7 SMP PREEMPT_DYNAMIC Fri Sep  4 05:25:10 UTC 2026
[    0.000000] Command line: BOOT_IMAGE=/vmlinuz-7.3.0-rc1-cifs root=/dev/mapper/ubuntu--vg-ubuntu--lv ro crashkernel=2G-4G:320M,4G-32G:512M,32G-64G:1024M,64G-128G:2048M,128G-:4096M
[    0.000000] KERNEL supported cpus:
[    0.000000]   Intel GenuineIntel
[    0.000000]   AMD AuthenticAMD
[    0.000000]   Hygon HygonGenuine
[    0.000000]   Centaur CentaurHauls
[    0.000000]   zhaoxin   Shanghai  
[    0.000000] x86 CPU feature dependency check failure: CPU0 has '18*32+31' enabled but '18*32+26' disabled. Kernel might be fine, but no guarantees.
[    0.000000] BIOS-provided physical RAM map:
[    0.000000] BIOS-e820: [mem 0x0000000000000000-0x000000000009fbff]  System RAM
[    0.000000] BIOS-e820: [mem 0x000000000009fc00-0x000000000009ffff]  device reserved
[    0.000000] BIOS-e820: [gap 0x00000000000a0000-0x00000000000effff]
[    0.000000] BIOS-e820: [mem 0x00000000000f0000-0x00000000000fffff]  device reserved
[    0.000000] BIOS-e820: [mem 0x0000000000100000-0x000000007ffdbfff]  System RAM
[    0.000000] BIOS-e820: [mem 0x000000007ffdc000-0x000000007fffffff]  device reserved
[    0.000000] BIOS-e820: [gap 0x0000000080000000-0x00000000afffffff]
[    0.000000] BIOS-e820: [mem 0x00000000b0000000-0x00000000bfffffff]  device reserved
[    0.000000] BIOS-e820: [gap 0x00000000c0000000-0x00000000fed1bfff]
[    0.000000] BIOS-e820: [mem 0x00000000fed1c000-0x00000000fed1ffff]  device reserved
[    0.000000] BIOS-e820: [gap 0x00000000fed20000-0x00000000feffbfff]
[    0.000000] BIOS-e820: [mem 0x00000000feffc000-0x00000000feffffff]  device reserved
[    0.000000] BIOS-e820: [gap 0x00000000ff000000-0x00000000fffbffff]
[    0.000000] BIOS-e820: [mem 0x00000000fffc0000-0x00000000ffffffff]  device reserved
[    0.000000] BIOS-e820: [mem 0x0000000100000000-0x000000017fffffff]  System RAM
[    0.000000] BIOS-e820: [gap 0x0000000180000000-0x000000fcffffffff]
[    0.000000] BIOS-e820: [mem 0x000000fd00000000-0x000000ffffffffff]  device reserved
[    0.000000] NX (Execute Disable) protection: active
[    0.000000] APIC: Static calls initialized
[    0.000000] DMI: SMBIOS 2.8 present.
[    0.000000] DMI: QEMU Standard PC (Q35 + ICH9, 2009), BIOS 1.17.0-10.fc44 06/10/2025
[    0.000000] DMI: Memory slots populated: 1/1
[    0.000000] Hypervisor detected: KVM
[    0.000000] last_pfn = 0x7ffdc max_arch_pfn = 0x400000000
[    0.000000] kvm-clock: Using msrs 4b564d01 and 4b564d00
[    0.000000] kvm-clock: using sched offset of 1621407379 cycles
[    0.000001] clocksource: kvm-clock: mask: 0xffffffffffffffff max_cycles: 0x1cd42e4dffb, max_idle_ns: 881590591483 ns
[    0.000003] tsc: Detected 3399.998 MHz processor
[    0.000712] e820: update [mem 0x00000000-0x00000fff] System RAM ==> device reserved
[    0.000714] e820: remove [mem 0x000a0000-0x000fffff] System RAM
[    0.000718] last_pfn = 0x180000 max_arch_pfn = 0x400000000
[    0.000749] MTRR map: 4 entries (3 fixed + 1 variable; max 19), built from 8 variable MTRRs
[    0.000751] x86/PAT: Configuration [0-7]: WB  WC  UC- UC  WB  WP  UC- WT  
[    0.000793] last_pfn = 0x7ffdc max_arch_pfn = 0x400000000
[    0.002385] found SMP MP-table at [mem 0x000f54b0-0x000f54bf]
[    0.002394] Using GB pages for direct mapping
[    0.003631] RAMDISK: [mem 0x30b43000-0x34598fff]
[    0.003635] ACPI: Early table checksum verification disabled
[    0.003637] ACPI: RSDP 0x00000000000F5290 000014 (v00 BOCHS )
[    0.003640] ACPI: RSDT 0x000000007FFE2ECE 000034 (v01 BOCHS  BXPC     00000001 BXPC 00000001)
[    0.003643] ACPI: FACP 0x000000007FFE2CF6 0000F4 (v03 BOCHS  BXPC     00000001 BXPC 00000001)
[    0.003649] ACPI: DSDT 0x000000007FFE0040 002CB6 (v01 BOCHS  BXPC     00000001 BXPC 00000001)
[    0.003651] ACPI: FACS 0x000000007FFE0000 000040
[    0.003652] ACPI: APIC 0x000000007FFE2DEA 000080 (v03 BOCHS  BXPC     00000001 BXPC 00000001)
[    0.003654] ACPI: MCFG 0x000000007FFE2E6A 00003C (v01 BOCHS  BXPC     00000001 BXPC 00000001)
[    0.003656] ACPI: WAET 0x000000007FFE2EA6 000028 (v01 BOCHS  BXPC     00000001 BXPC 00000001)
[    0.003657] ACPI: Reserving FACP table memory at [mem 0x7ffe2cf6-0x7ffe2de9]
[    0.003658] ACPI: Reserving DSDT table memory at [mem 0x7ffe0040-0x7ffe2cf5]
[    0.003658] ACPI: Reserving FACS table memory at [mem 0x7ffe0000-0x7ffe003f]
[    0.003659] ACPI: Reserving APIC table memory at [mem 0x7ffe2dea-0x7ffe2e69]
[    0.003660] ACPI: Reserving MCFG table memory at [mem 0x7ffe2e6a-0x7ffe2ea5]
[    0.003660] ACPI: Reserving WAET table memory at [mem 0x7ffe2ea6-0x7ffe2ecd]
[    0.004113] No NUMA configuration found
[    0.004114] Faking a node at [mem 0x0000000000000000-0x000000017fffffff]
[    0.004121] NODE_DATA(0) allocated [mem 0x17ffd2f80-0x17fffdfff]
[    0.004404] crashkernel reserved: 0x000000004f000000 - 0x000000006f000000 (512 MB)
[    0.006833] ACPI: PM-Timer IO Port: 0x608
[    0.006843] ACPI: LAPIC_NMI (acpi_id[0xff] dfl dfl lint[0x1])
[    0.006864] IOAPIC[0]: apic_id 0, version 17, address 0xfec00000, GSI 0-23
[    0.006865] ACPI: INT_SRC_OVR (bus 0 bus_irq 0 global_irq 2 dfl dfl)
[    0.006867] ACPI: INT_SRC_OVR (bus 0 bus_irq 5 global_irq 5 high level)
[    0.006867] ACPI: INT_SRC_OVR (bus 0 bus_irq 9 global_irq 9 high level)
[    0.006868] ACPI: INT_SRC_OVR (bus 0 bus_irq 10 global_irq 10 high level)
[    0.006869] ACPI: INT_SRC_OVR (bus 0 bus_irq 11 global_irq 11 high level)
[    0.006871] ACPI: Using ACPI (MADT) for SMP configuration information
[    0.006872] TSC deadline timer available
[    0.006874] CPU topo: Max. logical packages:   2
[    0.006875] CPU topo: Max. logical nodes:      1
[    0.006875] CPU topo: Num. nodes per package:  1
[    0.006877] CPU topo: Max. logical dies:       2
[    0.006877] CPU topo: Max. dies per package:   1
[    0.006880] CPU topo: Max. threads per core:   1
[    0.006881] CPU topo: Num. cores per package:     1
[    0.006881] CPU topo: Num. threads per package:   1
[    0.006882] CPU topo: Allowing 2 present CPUs plus 0 hotplug CPUs
[    0.006893] kvm-guest: APIC: eoi() replaced with kvm_guest_apic_eoi_write()
[    0.006901] kvm-guest: KVM setup pv remote TLB flush
[    0.006904] kvm-guest: setup PV sched yield
[    0.006909] PM: hibernation: Registered nosave memory: [mem 0x00000000-0x00000fff]
[    0.006910] PM: hibernation: Registered nosave memory: [mem 0x0009f000-0x000fffff]
[    0.006911] PM: hibernation: Registered nosave memory: [mem 0x7ffdc000-0xffffffff]
[    0.006912] [gap 0xc0000000-0xfed1bfff] available for PCI devices
[    0.006913] Booting paravirtualized kernel on KVM
[    0.006914] clocksource: refined-jiffies: mask: 0xffffffff max_cycles: 0xffffffff, max_idle_ns: 1910969940391419 ns
[    0.006916] Zone ranges:
[    0.006916]   DMA      [mem 0x0000000000001000-0x0000000000ffffff]
[    0.006917]   DMA32    [mem 0x0000000001000000-0x00000000ffffffff]
[    0.006918]   Normal   [mem 0x0000000100000000-0x000000017fffffff]
[    0.006919]   Device   empty
[    0.006920] Movable zone start for each node
[    0.006922] Early memory node ranges
[    0.006922]   node   0: [mem 0x0000000000001000-0x000000000009efff]
[    0.006923]   node   0: [mem 0x0000000000100000-0x000000007ffdbfff]
[    0.006923]   node   0: [mem 0x0000000100000000-0x000000017fffffff]
[    0.006924] Initmem setup node 0 [mem 0x0000000000001000-0x000000017fffffff]
[    0.007867] On node 0, zone DMA: 1 pages in unavailable ranges
[    0.008068] On node 0, zone DMA: 97 pages in unavailable ranges
[    0.093483] On node 0, zone Normal: 36 pages in unavailable ranges
[    0.093510] setup_percpu: NR_CPUS:8192 nr_cpumask_bits:2 nr_cpu_ids:2 nr_node_ids:1
[    0.096307] percpu: Embedded 85 pages/cpu s225280 r8192 d114688 u1048576
[    0.096317] pcpu-alloc: s225280 r8192 d114688 u1048576 alloc=1*2097152
[    0.096321] pcpu-alloc: [0] 0 1 
[    0.096376] kvm-guest: PV spinlocks enabled
[    0.096377] PV qspinlock hash table entries: 256 (order: 0, 4096 bytes, linear)
[    0.096418] Kernel command line: BOOT_IMAGE=/vmlinuz-7.3.0-rc1-cifs root=/dev/mapper/ubuntu--vg-ubuntu--lv ro crashkernel=2G-4G:320M,4G-32G:512M,32G-64G:1024M,64G-128G:2048M,128G-:4096M
[    0.096517] random: crng init done
[    0.096518] printk: log buffer data + meta data: 262144 + 1114112 = 1376256 bytes
[    0.102171] Dentry cache hash table entries: 524288 (order: 10, 4194304 bytes, linear)
[    0.106025] Inode-cache hash table entries: 262144 (order: 9, 2097152 bytes, linear)
[    0.106099] software IO TLB: area num 2.
[    0.158272] Fallback order for Node 0: 0 
[    0.158277] Built 1 zonelists, mobility grouping on.  Total pages: 1048442
[    0.158278] Policy zone: Normal
[    0.158291] mem auto-init: stack:all(zero), heap alloc:on, heap free:off
[    0.158295] KHO: Failed to reserve lowmem scratch buffer
[    0.158296] KHO: Failed to reserve scratch area, disabling kexec handover
[    0.167177] SLUB: HWalign=64, Order=0-3, MinObjects=0, CPUs=2, Nodes=1
[    0.177778] ftrace: allocating 61368 entries in 240 pages
[    0.177779] ftrace: allocated 240 pages with 4 groups
[    0.179430] Dynamic Preempt: lazy
[    0.180478] rcu: Preemptible hierarchical RCU implementation.
[    0.180479] rcu: 	RCU restricting CPUs from NR_CPUS=8192 to nr_cpu_ids=2.
[    0.180482] 	Trampoline variant of Tasks RCU enabled.
[    0.180482] 	Rude variant of Tasks RCU enabled.
[    0.180482] 	Tracing variant of Tasks RCU enabled.
[    0.180483] rcu: RCU calculated value of scheduler-enlistment delay is 100 jiffies.
[    0.180484] rcu: Adjusting geometry for rcu_fanout_leaf=16, nr_cpu_ids=2
[    0.180487] RCU Tasks: Setting shift to 1 and lim to 1 rcu_task_cb_adjust=1 rcu_task_cpu_ids=2.
[    0.180489] RCU Tasks Rude: Setting shift to 1 and lim to 1 rcu_task_cb_adjust=1 rcu_task_cpu_ids=2.
[    0.187370] NR_IRQS: 524544, nr_irqs: 440, preallocated irqs: 16
[    0.187644] rcu: srcu_init: Setting srcu_struct sizes based on contention.
[    0.187666] clocksource: jiffies: mask: 0xffffffff max_cycles: 0xffffffff, max_idle_ns: 1911260446275000 ns
[    0.187761] Console: colour dummy device 80x25
[    0.187763] printk: legacy console [tty0] enabled
[    0.187979] ACPI: Core revision 20260408
[    0.188055] APIC: Switch to symmetric I/O mode setup
[    0.188218] x2apic enabled
[    0.188445] APIC: Switched APIC routing to: physical x2apic
[    0.188449] kvm-guest: APIC: send_IPI_mask() replaced with kvm_send_ipi_mask()
[    0.188454] kvm-guest: APIC: send_IPI_mask_allbutself() replaced with kvm_send_ipi_mask_allbutself()
[    0.188457] kvm-guest: setup PV IPIs
[    0.189256] tsc: Marking TSC unstable due to TSCs unsynchronized
[    0.189263] Calibrating delay loop (skipped) preset value.. 6799.99 BogoMIPS (lpj=3399998)
[    0.189369] x86/cpu: User Mode Instruction Prevention (UMIP) activated
[    0.189463] Last level iTLB entries: 4KB 512, 2MB 255, 4MB 127
[    0.189466] Last level dTLB entries: 4KB 512, 2MB 255, 4MB 127, 1GB 0
[    0.189474] mitigations: Enabled attack vectors: user_kernel, user_user, guest_host, guest_guest, SMT mitigations: auto
[    0.189478] Speculative Store Bypass: Mitigation: Speculative Store Bypass disabled via prctl
[    0.189481] Transient Scheduler Attacks: Mitigation: Clear CPU buffers
[    0.189483] Spectre V2 : Mitigation: Retpolines
[    0.189484] Speculative Return Stack Overflow: Mitigation: Safe RET
[    0.189486] Spectre V1 : Mitigation: usercopy/swapgs barriers and __user pointer sanitization
[    0.189488] Spectre V2 : Spectre v2 / SpectreRSB: Filling RSB on context switch and VMEXIT
[    0.189490] Spectre V2 : Enabling Restricted Speculation for firmware calls
[    0.189492] Spectre V2 : mitigation: Enabling conditional Indirect Branch Prediction Barrier
[    0.189495] active return thunk: srso_alias_return_thunk
[    0.189512] x86/fpu: Supporting XSAVE feature 0x001: 'x87 floating point registers'
[    0.189515] x86/fpu: Supporting XSAVE feature 0x002: 'SSE registers'
[    0.189516] x86/fpu: Supporting XSAVE feature 0x004: 'AVX registers'
[    0.189518] x86/fpu: Supporting XSAVE feature 0x200: 'Protection Keys User registers'
[    0.189520] x86/fpu: xstate_offset[2]:  576, xstate_sizes[2]:  256
[    0.189522] x86/fpu: xstate_offset[9]:  832, xstate_sizes[9]:    8
[    0.189523] x86/fpu: Enabled xstate features 0x207, context size is 840 bytes, using 'compacted' format.
[    0.190261] pid_max: default: 32768 minimum: 301
[    0.190261] landlock: Up and running.
[    0.190261] Yama: becoming mindful.
[    0.190261] AppArmor: AppArmor initialized
[    0.190261] Mount-cache hash table entries: 8192 (order: 4, 65536 bytes, linear)
[    0.190261] Mountpoint-cache hash table entries: 8192 (order: 4, 65536 bytes, linear)
[    0.190261] VFS: Finished mounting rootfs on nullfs
[    0.190261] smpboot: CPU0: AMD Ryzen 7 5800X3D 8-Core Processor (family: 0x19, model: 0x21, stepping: 0x2)
[    0.190261] Performance Events: Fam17h+ core perfctr, AMD PMU driver.
[    0.190261] ... version:                   0
[    0.190261] ... bit width:                 48
[    0.190261] ... generic counters:          6
[    0.190261] ... generic bitmap:            000000000000003f
[    0.190261] ... fixed-purpose counters:    0
[    0.190261] ... fixed-purpose bitmap:      0000000000000000
[    0.190261] ... value mask:                0000ffffffffffff
[    0.190261] ... max period:                00007fffffffffff
[    0.190261] ... global_ctrl mask:          000000000000003f
[    0.190261] signal: max sigframe size: 3376
[    0.190261] rcu: Hierarchical SRCU implementation.
[    0.190261] rcu: 	Max phase no-delay instances is 400.
[    0.190261] Timer migration: 1 hierarchy levels; 8 children per group; 1 crossnode level
[    0.197210] smp: Bringing up secondary CPUs ...
[    0.197559] smpboot: x86: Booting SMP configuration:
[    0.197563] .... node  #0, CPUs:      #1
[    0.197666] smp: Brought up 1 node, 2 CPUs
[    0.197666] smpboot: Total of 2 processors activated (13599.99 BogoMIPS)
[    0.198477] Memory: 3403140K/4193768K available (23860K kernel code, 4952K rwdata, 16776K rodata, 5352K init, 5852K bss, 783028K reserved, 0K cma-reserved)
[    0.198477] devtmpfs: initialized
[    0.198477] x86/mm: Memory block size: 128MB
[    0.199949] posixtimers hash table entries: 1024 (order: 2, 16384 bytes, linear)
[    0.199949] futex hash table entries: 512 (32768 bytes on 1 NUMA nodes, total 32 KiB, linear).
[    0.200603] PM: RTC time: 08:37:10, date: 2026-09-04
[    0.203247] NET: Registered PF_NETLINK/PF_ROUTE protocol family
[    0.204678] DMA: preallocated 512 KiB GFP_KERNEL pool for atomic allocations
[    0.204836] DMA: preallocated 512 KiB GFP_KERNEL|GFP_DMA pool for atomic allocations
[    0.204914] DMA: preallocated 512 KiB GFP_KERNEL|GFP_DMA32 pool for atomic allocations
[    0.204928] audit: initializing netlink subsys (disabled)
[    0.204976] audit: type=2000 audit(1788511031.719:1): state=initialized audit_enabled=0 res=1
[    0.222999] thermal_sys: Registered thermal governor 'fair_share'
[    0.223001] thermal_sys: Registered thermal governor 'bang_bang'
[    0.223006] thermal_sys: Registered thermal governor 'step_wise'
[    0.223009] thermal_sys: Registered thermal governor 'user_space'
[    0.223013] thermal_sys: Registered thermal governor 'power_allocator'
[    0.223029] cpuidle: using governor ladder
[    0.223039] cpuidle: using governor menu
[    0.223913] acpiphp: ACPI Hot Plug PCI Controller Driver version: 0.5
[    0.223913] PCI: ECAM [mem 0xb0000000-0xbfffffff] (base 0xb0000000) for domain 0000 [bus 00-ff]
[    0.224271] PCI: Using configuration type 1 for base access
[    0.224326] virt/tdx: TDX not supported by the host platform
[    0.224446] kprobes: kprobe jump-optimization is enabled. All kprobes are optimized if possible.
[    0.226313] HugeTLB: registered 1.00 GiB page size, pre-allocated 0 pages
[    0.226319] HugeTLB: 16380 KiB vmemmap can be freed for a 1.00 GiB page
[    0.226324] HugeTLB: registered 2.00 MiB page size, pre-allocated 0 pages
[    0.226327] HugeTLB: 28 KiB vmemmap can be freed for a 2.00 MiB page
[    0.240999] fbcon: Taking over console
[    0.240999] ACPI: Added _OSI(Module Device)
[    0.240999] ACPI: Added _OSI(Processor Device)
[    0.240999] ACPI: Added _OSI(Processor Aggregator Device)
[    0.243938] ACPI: 1 ACPI AML tables successfully acquired and loaded
[    0.248273] ACPI: \_SB_: platform _OSC: OS support mask [006e7eff]
[    0.248552] ACPI: Interpreter enabled
[    0.248564] ACPI: PM: (supports S0 S5)
[    0.248567] ACPI: Using IOAPIC for interrupt routing
[    0.248792] PCI: Using host bridge windows from ACPI; if necessary, use "pci=nocrs" and report a bug
[    0.248797] PCI: Ignoring E820 reservations for host bridge windows
[    0.248962] ACPI: Enabled 2 GPEs in block 00 to 3F
[    0.253306] ACPI: PCI Root Bridge [PCI0] (domain 0000 [bus 00-ff])
[    0.253315] acpi PNP0A08:00: _OSC: OS supports [ExtendedConfig ASPM ClockPM Segments MSI EDR HPX-Type3]
[    0.253400] acpi PNP0A08:00: _OSC: platform does not support [PCIeHotplug LTR DPC]
[    0.253530] acpi PNP0A08:00: _OSC: OS now controls [SHPCHotplug PME AER PCIeCapability]
[    0.254092] PCI host bridge to bus 0000:00
[    0.254103] pci_bus 0000:00: root bus resource [io  0x0000-0x0cf7 window]
[    0.254108] pci_bus 0000:00: root bus resource [io  0x0d00-0xffff window]
[    0.254113] pci_bus 0000:00: root bus resource [mem 0x000a0000-0x000bffff window]
[    0.254118] pci_bus 0000:00: root bus resource [mem 0x80000000-0xafffffff window]
[    0.254123] pci_bus 0000:00: root bus resource [mem 0xc0000000-0xfebfffff window]
[    0.254128] pci_bus 0000:00: root bus resource [mem 0xe0000000000-0xe2200003fff window]
[    0.254135] pci_bus 0000:00: root bus resource [bus 00-ff]
[    0.254203] pci 0000:00:00.0: [8086:29c0] type 00 class 0x060000 conventional PCI endpoint
[    0.255517] pci 0000:00:01.0: [1af4:1050] type 00 class 0x030000 conventional PCI endpoint
[    0.262291] pci 0000:00:01.0: BAR 0 [mem 0xfc000000-0xfc7fffff pref]
[    0.262342] pci 0000:00:01.0: BAR 2 [mem 0xe2200000000-0xe2200003fff 64bit pref]
[    0.262360] pci 0000:00:01.0: BAR 4 [mem 0xfea10000-0xfea10fff]
[    0.262388] pci 0000:00:01.0: ROM [mem 0xfea00000-0xfea0ffff pref]
[    0.262506] pci 0000:00:01.0: Video device with shadowed ROM at [mem 0x000c0000-0x000dffff]
[    0.263614] pci 0000:00:02.0: [1b36:000c] type 01 class 0x060400 PCIe Root Port
[    0.269277] pci 0000:00:02.0: BAR 0 [mem 0xfea11000-0xfea11fff]
[    0.269316] pci 0000:00:02.0: PCI bridge to [bus 01]
[    0.269375] pci 0000:00:02.0:   bridge window [mem 0xfe800000-0xfe9fffff]
[    0.272298] pci 0000:00:02.0:   bridge window [mem 0xe2000000000-0xe21ffffffff 64bit pref]
[    0.272412] pci 0000:00:02.0: enabling Extended Tags
[    0.273648] pci 0000:00:02.1: [1b36:000c] type 01 class 0x060400 PCIe Root Port
[    0.275277] pci 0000:00:02.1: BAR 0 [mem 0xfea12000-0xfea12fff]
[    0.275316] pci 0000:00:02.1: PCI bridge to [bus 02]
[    0.275375] pci 0000:00:02.1:   bridge window [mem 0xfe600000-0xfe7fffff]
[    0.277309] pci 0000:00:02.1:   bridge window [mem 0xe1e00000000-0xe1fffffffff 64bit pref]
[    0.277422] pci 0000:00:02.1: enabling Extended Tags
[    0.278625] pci 0000:00:02.2: [1b36:000c] type 01 class 0x060400 PCIe Root Port
[    0.284025] pci 0000:00:02.2: BAR 0 [mem 0xfea13000-0xfea13fff]
[    0.284064] pci 0000:00:02.2: PCI bridge to [bus 03]
[    0.284123] pci 0000:00:02.2:   bridge window [mem 0xfe400000-0xfe5fffff]
[    0.284551] pci 0000:00:02.2:   bridge window [mem 0xe1c00000000-0xe1dffffffff 64bit pref]
[    0.284672] pci 0000:00:02.2: enabling Extended Tags
[    0.285830] pci 0000:00:02.3: [1b36:000c] type 01 class 0x060400 PCIe Root Port
[    0.287277] pci 0000:00:02.3: BAR 0 [mem 0xfea14000-0xfea14fff]
[    0.287316] pci 0000:00:02.3: PCI bridge to [bus 04]
[    0.287375] pci 0000:00:02.3:   bridge window [mem 0xfe200000-0xfe3fffff]
[    0.288308] pci 0000:00:02.3:   bridge window [mem 0xe1a00000000-0xe1bffffffff 64bit pref]
[    0.288422] pci 0000:00:02.3: enabling Extended Tags
[    0.289582] pci 0000:00:02.4: [1b36:000c] type 01 class 0x060400 PCIe Root Port
[    0.294999] pci 0000:00:02.4: BAR 0 [mem 0xfea15000-0xfea15fff]
[    0.295051] pci 0000:00:02.4: PCI bridge to [bus 05]
[    0.295128] pci 0000:00:02.4:   bridge window [mem 0xfe000000-0xfe1fffff]
[    0.295553] pci 0000:00:02.4:   bridge window [mem 0xe1800000000-0xe19ffffffff 64bit pref]
[    0.295667] pci 0000:00:02.4: enabling Extended Tags
[    0.296842] pci 0000:00:02.5: [1b36:000c] type 01 class 0x060400 PCIe Root Port
[    0.298277] pci 0000:00:02.5: BAR 0 [mem 0xfea16000-0xfea16fff]
[    0.298316] pci 0000:00:02.5: PCI bridge to [bus 06]
[    0.298375] pci 0000:00:02.5:   bridge window [mem 0xfde00000-0xfdffffff]
[    0.299340] pci 0000:00:02.5:   bridge window [mem 0xe1600000000-0xe17ffffffff 64bit pref]
[    0.299454] pci 0000:00:02.5: enabling Extended Tags
[    0.300616] pci 0000:00:02.6: [1b36:000c] type 01 class 0x060400 PCIe Root Port
[    0.304277] pci 0000:00:02.6: BAR 0 [mem 0xfea17000-0xfea17fff]
[    0.304316] pci 0000:00:02.6: PCI bridge to [bus 07]
[    0.304375] pci 0000:00:02.6:   bridge window [mem 0xfdc00000-0xfddfffff]
[    0.306078] pci 0000:00:02.6:   bridge window [mem 0xe1400000000-0xe15ffffffff 64bit pref]
[    0.306191] pci 0000:00:02.6: enabling Extended Tags
[    0.307353] pci 0000:00:02.7: [1b36:000c] type 01 class 0x060400 PCIe Root Port
[    0.308838] pci 0000:00:02.7: BAR 0 [mem 0xfea18000-0xfea18fff]
[    0.308877] pci 0000:00:02.7: PCI bridge to [bus 08]
[    0.308936] pci 0000:00:02.7:   bridge window [mem 0xfda00000-0xfdbfffff]
[    0.309309] pci 0000:00:02.7:   bridge window [mem 0xe1200000000-0xe13ffffffff 64bit pref]
[    0.309422] pci 0000:00:02.7: enabling Extended Tags
[    0.310589] pci 0000:00:03.0: [1b36:000c] type 01 class 0x060400 PCIe Root Port
[    0.313014] pci 0000:00:03.0: BAR 0 [mem 0xfea19000-0xfea19fff]
[    0.313053] pci 0000:00:03.0: PCI bridge to [bus 09]
[    0.313111] pci 0000:00:03.0:   bridge window [mem 0xfd800000-0xfd9fffff]
[    0.313887] pci 0000:00:03.0:   bridge window [mem 0xe1000000000-0xe11ffffffff 64bit pref]
[    0.314000] pci 0000:00:03.0: enabling Extended Tags
[    0.315159] pci 0000:00:03.1: [1b36:000c] type 01 class 0x060400 PCIe Root Port
[    0.318277] pci 0000:00:03.1: BAR 0 [mem 0xfea1a000-0xfea1afff]
[    0.318316] pci 0000:00:03.1: PCI bridge to [bus 0a]
[    0.318382] pci 0000:00:03.1:   bridge window [mem 0xfd600000-0xfd7fffff]
[    0.319008] pci 0000:00:03.1:   bridge window [mem 0xe0e00000000-0xe0fffffffff 64bit pref]
[    0.319121] pci 0000:00:03.1: enabling Extended Tags
[    0.320327] pci 0000:00:03.2: [1b36:000c] type 01 class 0x060400 PCIe Root Port
[    0.321952] pci 0000:00:03.2: BAR 0 [mem 0xfea1b000-0xfea1bfff]
[    0.321991] pci 0000:00:03.2: PCI bridge to [bus 0b]
[    0.322049] pci 0000:00:03.2:   bridge window [mem 0xfd400000-0xfd5fffff]
[    0.322714] pci 0000:00:03.2:   bridge window [mem 0xe0c00000000-0xe0dffffffff 64bit pref]
[    0.322828] pci 0000:00:03.2: enabling Extended Tags
[    0.324007] pci 0000:00:03.3: [1b36:000c] type 01 class 0x060400 PCIe Root Port
[    0.329246] pci 0000:00:03.3: BAR 0 [mem 0xfea1c000-0xfea1cfff]
[    0.329287] pci 0000:00:03.3: PCI bridge to [bus 0c]
[    0.329353] pci 0000:00:03.3:   bridge window [mem 0xfd200000-0xfd3fffff]
[    0.329918] pci 0000:00:03.3:   bridge window [mem 0xe0a00000000-0xe0bffffffff 64bit pref]
[    0.330031] pci 0000:00:03.3: enabling Extended Tags
[    0.331182] pci 0000:00:03.4: [1b36:000c] type 01 class 0x060400 PCIe Root Port
[    0.332277] pci 0000:00:03.4: BAR 0 [mem 0xfea1d000-0xfea1dfff]
[    0.332316] pci 0000:00:03.4: PCI bridge to [bus 0d]
[    0.332375] pci 0000:00:03.4:   bridge window [mem 0xfd000000-0xfd1fffff]
[    0.332901] pci 0000:00:03.4:   bridge window [mem 0xe0800000000-0xe09ffffffff 64bit pref]
[    0.333015] pci 0000:00:03.4: enabling Extended Tags
[    0.334186] pci 0000:00:03.5: [1b36:000c] type 01 class 0x060400 PCIe Root Port
[    0.336277] pci 0000:00:03.5: BAR 0 [mem 0xfea1e000-0xfea1efff]
[    0.336316] pci 0000:00:03.5: PCI bridge to [bus 0e]
[    0.336375] pci 0000:00:03.5:   bridge window [mem 0xfce00000-0xfcffffff]
[    0.337047] pci 0000:00:03.5:   bridge window [mem 0xe0600000000-0xe07ffffffff 64bit pref]
[    0.337160] pci 0000:00:03.5: enabling Extended Tags
[    0.338326] pci 0000:00:03.6: [1b36:000c] type 01 class 0x060400 PCIe Root Port
[    0.340831] pci 0000:00:03.6: BAR 0 [mem 0xfea1f000-0xfea1ffff]
[    0.340870] pci 0000:00:03.6: PCI bridge to [bus 0f]
[    0.340928] pci 0000:00:03.6:   bridge window [mem 0xfcc00000-0xfcdfffff]
[    0.341309] pci 0000:00:03.6:   bridge window [mem 0xe0400000000-0xe05ffffffff 64bit pref]
[    0.341422] pci 0000:00:03.6: enabling Extended Tags
[    0.342600] pci 0000:00:03.7: [1b36:000c] type 01 class 0x060400 PCIe Root Port
[    0.344845] pci 0000:00:03.7: BAR 0 [mem 0xfea20000-0xfea20fff]
[    0.344884] pci 0000:00:03.7: PCI bridge to [bus 10]
[    0.344943] pci 0000:00:03.7:   bridge window [mem 0xfca00000-0xfcbfffff]
[    0.345309] pci 0000:00:03.7:   bridge window [mem 0xe0200000000-0xe03ffffffff 64bit pref]
[    0.345422] pci 0000:00:03.7: enabling Extended Tags
[    0.346589] pci 0000:00:04.0: [1b36:000c] type 01 class 0x060400 PCIe Root Port
[    0.348084] pci 0000:00:04.0: BAR 0 [mem 0xfea21000-0xfea21fff]
[    0.348123] pci 0000:00:04.0: PCI bridge to [bus 11]
[    0.348182] pci 0000:00:04.0:   bridge window [mem 0xfc800000-0xfc9fffff]
[    0.350180] pci 0000:00:04.0:   bridge window [mem 0xe0000000000-0xe01ffffffff 64bit pref]
[    0.350298] pci 0000:00:04.0: enabling Extended Tags
[    0.358479] pci 0000:00:1f.0: [8086:2918] type 00 class 0x060100 conventional PCI endpoint
[    0.359020] pci 0000:00:1f.0: quirk: [io  0x0600-0x067f] claimed by ICH6 ACPI/GPIO/TCO
[    0.359468] pci 0000:00:1f.2: [8086:2922] type 00 class 0x010601 conventional PCI endpoint
[    0.360721] pci 0000:00:1f.2: BAR 4 [io  0xc040-0xc05f]
[    0.360739] pci 0000:00:1f.2: BAR 5 [mem 0xfea22000-0xfea22fff]
[    0.361851] pci 0000:00:1f.3: [8086:2930] type 00 class 0x0c0500 conventional PCI endpoint
[    0.362733] pci 0000:00:1f.3: BAR 4 [io  0x0700-0x073f]
[    0.363559] acpiphp: Slot [0] registered
[    0.363813] pci 0000:00:02.0: PCI bridge to [bus 01]
[    0.364510] acpiphp: Slot [0-2] registered
[    0.364764] pci 0000:00:02.1: PCI bridge to [bus 02]
[    0.365516] acpiphp: Slot [0-3] registered
[    0.365714] pci 0000:03:00.0: [1b36:000d] type 00 class 0x0c0330 PCIe Endpoint
[    0.366528] pci 0000:03:00.0: BAR 0 [mem 0xfe400000-0xfe403fff 64bit]
[    0.366653] pci 0000:03:00.0: enabling Extended Tags
[    0.368767] pci 0000:00:02.2: PCI bridge to [bus 03]
[    0.369502] acpiphp: Slot [0-4] registered
[    0.369772] pci 0000:04:00.0: [1af4:1043] type 00 class 0x078000 PCIe Endpoint
[    0.370983] pci 0000:04:00.0: BAR 1 [mem 0xfe200000-0xfe200fff]
[    0.371033] pci 0000:04:00.0: BAR 4 [mem 0xe1a00000000-0xe1a00003fff 64bit pref]
[    0.371119] pci 0000:04:00.0: enabling Extended Tags
[    0.374229] pci 0000:00:02.3: PCI bridge to [bus 04]
[    0.375052] acpiphp: Slot [0-5] registered
[    0.375316] pci 0000:05:00.0: [1af4:1042] type 00 class 0x010000 PCIe Endpoint
[    0.376288] pci 0000:05:00.0: BAR 1 [mem 0xfe000000-0xfe000fff]
[    0.376348] pci 0000:05:00.0: BAR 4 [mem 0xe1800000000-0xe1800003fff 64bit pref]
[    0.376431] pci 0000:05:00.0: enabling Extended Tags
[    0.378972] pci 0000:00:02.4: PCI bridge to [bus 05]
[    0.379744] acpiphp: Slot [0-6] registered
[    0.380006] pci 0000:06:00.0: [1af4:1045] type 00 class 0x00ff00 PCIe Endpoint
[    0.381964] pci 0000:06:00.0: BAR 1 [mem 0xfde00000-0xfde00fff]
[    0.382035] pci 0000:06:00.0: BAR 4 [mem 0xe1600000000-0xe1600003fff 64bit pref]
[    0.382118] pci 0000:06:00.0: enabling Extended Tags
[    0.385312] pci 0000:00:02.5: PCI bridge to [bus 06]
[    0.386134] acpiphp: Slot [0-7] registered
[    0.386402] pci 0000:07:00.0: [1af4:1044] type 00 class 0x00ff00 PCIe Endpoint
[    0.387290] pci 0000:07:00.0: BAR 1 [mem 0xfdc00000-0xfdc00fff]
[    0.387340] pci 0000:07:00.0: BAR 4 [mem 0xe1400000000-0xe1400003fff 64bit pref]
[    0.387423] pci 0000:07:00.0: enabling Extended Tags
[    0.389977] pci 0000:00:02.6: PCI bridge to [bus 07]
[    0.390752] acpiphp: Slot [0-8] registered
[    0.391006] pci 0000:00:02.7: PCI bridge to [bus 08]
[    0.391751] acpiphp: Slot [0-9] registered
[    0.392005] pci 0000:00:03.0: PCI bridge to [bus 09]
[    0.392779] acpiphp: Slot [0-10] registered
[    0.393512] pci 0000:00:03.1: PCI bridge to [bus 0a]
[    0.394318] acpiphp: Slot [0-11] registered
[    0.394580] pci 0000:00:03.2: PCI bridge to [bus 0b]
[    0.395412] acpiphp: Slot [0-12] registered
[    0.395666] pci 0000:00:03.3: PCI bridge to [bus 0c]
[    0.396452] acpiphp: Slot [0-13] registered
[    0.396706] pci 0000:00:03.4: PCI bridge to [bus 0d]
[    0.397518] acpiphp: Slot [0-14] registered
[    0.397772] pci 0000:00:03.5: PCI bridge to [bus 0e]
[    0.398530] acpiphp: Slot [0-15] registered
[    0.398783] pci 0000:00:03.6: PCI bridge to [bus 0f]
[    0.399500] acpiphp: Slot [0-16] registered
[    0.399761] pci 0000:10:00.0: [1af4:1041] type 00 class 0x020000 PCIe Endpoint
[    0.401109] pci 0000:10:00.0: BAR 1 [mem 0xfca40000-0xfca40fff]
[    0.401159] pci 0000:10:00.0: BAR 4 [mem 0xe0200000000-0xe0200003fff 64bit pref]
[    0.401177] pci 0000:10:00.0: ROM [mem 0xfca00000-0xfca3ffff pref]
[    0.401254] pci 0000:10:00.0: enabling Extended Tags
[    0.404483] pci 0000:00:03.7: PCI bridge to [bus 10]
[    0.405317] acpiphp: Slot [0-17] registered
[    0.405606] pci 0000:11:00.0: [1af4:1041] type 00 class 0x020000 PCIe Endpoint
[    0.406791] pci 0000:11:00.0: BAR 1 [mem 0xfc840000-0xfc840fff]
[    0.406841] pci 0000:11:00.0: BAR 4 [mem 0xe0000000000-0xe0000003fff 64bit pref]
[    0.406859] pci 0000:11:00.0: ROM [mem 0xfc800000-0xfc83ffff pref]
[    0.406929] pci 0000:11:00.0: enabling Extended Tags
[    0.409461] pci 0000:00:04.0: PCI bridge to [bus 11]
[    0.432455] ACPI: PCI: Interrupt link LNKA configured for IRQ 10
[    0.432604] ACPI: PCI: Interrupt link LNKB configured for IRQ 10
[    0.432759] ACPI: PCI: Interrupt link LNKC configured for IRQ 11
[    0.432903] ACPI: PCI: Interrupt link LNKD configured for IRQ 11
[    0.433050] ACPI: PCI: Interrupt link LNKE configured for IRQ 10
[    0.433198] ACPI: PCI: Interrupt link LNKF configured for IRQ 10
[    0.433355] ACPI: PCI: Interrupt link LNKG configured for IRQ 11
[    0.433505] ACPI: PCI: Interrupt link LNKH configured for IRQ 11
[    0.433566] ACPI: PCI: Interrupt link GSIA configured for IRQ 16
[    0.433586] ACPI: PCI: Interrupt link GSIB configured for IRQ 17
[    0.433602] ACPI: PCI: Interrupt link GSIC configured for IRQ 18
[    0.433617] ACPI: PCI: Interrupt link GSID configured for IRQ 19
[    0.433631] ACPI: PCI: Interrupt link GSIE configured for IRQ 20
[    0.433645] ACPI: PCI: Interrupt link GSIF configured for IRQ 21
[    0.433660] ACPI: PCI: Interrupt link GSIG configured for IRQ 22
[    0.433676] ACPI: PCI: Interrupt link GSIH configured for IRQ 23
[    0.434305] iommu: Default domain type: Translated
[    0.434310] iommu: DMA domain TLB invalidation policy: lazy mode
[    0.436641] SCSI subsystem initialized
[    0.436750] libata version 3.00 loaded.
[    0.436750] ACPI: bus type USB registered
[    0.436750] usbcore: registered new interface driver usbfs
[    0.436750] usbcore: registered new interface driver hub
[    0.436750] usbcore: registered new device driver usb
[    0.436750] pps_core: LinuxPPS API ver. 1 registered
[    0.436750] pps_core: Software ver. 5.3.6 - Copyright 2005-2007 Rodolfo Giometti <giometti@linux.it>
[    0.436750] PTP clock support registered
[    0.436750] EDAC MC: Ver: 3.0.0
[    0.438829] NetLabel: Initializing
[    0.438835] NetLabel:  domain hash size = 128
[    0.438839] NetLabel:  protocols = UNLABELED CIPSOv4 CALIPSO
[    0.438945] NetLabel:  unlabeled traffic allowed by default
[    0.439049] mctp: management component transport protocol core
[    0.439049] NET: Registered PF_MCTP protocol family
[    0.439049] PCI: Using ACPI for IRQ routing
[    0.582420] PCI: pci_cache_line_size set to 64 bytes
[    0.583105] e820: register RAM buffer resource [mem 0x0009fc00-0x0009ffff]
[    0.583115] e820: register RAM buffer resource [mem 0x7ffdc000-0x7fffffff]
[    0.583213] pci 0000:00:01.0: vgaarb: setting as boot VGA device
[    0.583220] pci 0000:00:01.0: vgaarb: bridge control possible
[    0.583224] pci 0000:00:01.0: vgaarb: VGA device added: decodes=io+mem,owns=io+mem,locks=none
[    0.583236] vgaarb: loaded
[    0.583379] clocksource: Switched to clocksource kvm-clock
[    0.584004] VFS: Disk quotas dquot_6.6.0
[    0.584026] VFS: Dquot-cache hash table entries: 512 (4096 bytes)
[    0.586936] AppArmor: AppArmor Filesystem Enabled
[    0.586976] acpi PNP0C01:00: Reserved [mem 0xb0000000-0xbfffffff]
[    0.586996] pnp: PnP ACPI init
[    0.587535] pnp: PnP ACPI: found 3 devices
[    0.594290] clocksource: acpi_pm: mask: 0xffffff max_cycles: 0xffffff, max_idle_ns: 2085701024 ns
[    0.594403] NET: Registered PF_INET protocol family
[    0.594887] IP idents hash table entries: 65536 (order: 7, 524288 bytes, linear)
[    0.595683] tcp_listen_portaddr_hash hash table entries: 2048 (order: 3, 32768 bytes, linear)
[    0.614879] Table-perturb hash table entries: 65536 (order: 6, 262144 bytes, linear)
[    0.615104] TCP established hash table entries: 32768 (order: 6, 262144 bytes, linear)
[    0.615983] TCP bind hash table entries: 32768 (order: 8, 1048576 bytes, linear)
[    0.616031] TCP: Hash tables configured (established 32768 bind 32768)
[    0.616284] MPTCP token hash table entries: 4096 (order: 5, 98304 bytes, linear)
[    0.616401] UDP hash table entries: 2048 (order: 5, 131072 bytes, linear)
[    0.616503] NET: Registered PF_UNIX/PF_LOCAL protocol family
[    0.616539] NET: Registered PF_XDP protocol family
[    0.616573] pci 0000:00:02.0: bridge window [io  0x1000-0x0fff] to [bus 01] add_size 1000
[    0.616580] pci 0000:00:02.1: bridge window [io  0x1000-0x0fff] to [bus 02] add_size 1000
[    0.616586] pci 0000:00:02.2: bridge window [io  0x1000-0x0fff] to [bus 03] add_size 1000
[    0.616600] pci 0000:00:02.3: bridge window [io  0x1000-0x0fff] to [bus 04] add_size 1000
[    0.616606] pci 0000:00:02.4: bridge window [io  0x1000-0x0fff] to [bus 05] add_size 1000
[    0.616611] pci 0000:00:02.5: bridge window [io  0x1000-0x0fff] to [bus 06] add_size 1000
[    0.616620] pci 0000:00:02.6: bridge window [io  0x1000-0x0fff] to [bus 07] add_size 1000
[    0.616625] pci 0000:00:02.7: bridge window [io  0x1000-0x0fff] to [bus 08] add_size 1000
[    0.616631] pci 0000:00:03.0: bridge window [io  0x1000-0x0fff] to [bus 09] add_size 1000
[    0.616636] pci 0000:00:03.1: bridge window [io  0x1000-0x0fff] to [bus 0a] add_size 1000
[    0.616642] pci 0000:00:03.2: bridge window [io  0x1000-0x0fff] to [bus 0b] add_size 1000
[    0.616649] pci 0000:00:03.3: bridge window [io  0x1000-0x0fff] to [bus 0c] add_size 1000
[    0.616655] pci 0000:00:03.4: bridge window [io  0x1000-0x0fff] to [bus 0d] add_size 1000
[    0.616660] pci 0000:00:03.5: bridge window [io  0x1000-0x0fff] to [bus 0e] add_size 1000
[    0.616666] pci 0000:00:03.6: bridge window [io  0x1000-0x0fff] to [bus 0f] add_size 1000
[    0.616671] pci 0000:00:03.7: bridge window [io  0x1000-0x0fff] to [bus 10] add_size 1000
[    0.616677] pci 0000:00:04.0: bridge window [io  0x1000-0x0fff] to [bus 11] add_size 1000
[    0.616694] pci 0000:00:02.0: bridge window [io  0x1000-0x1fff]: assigned
[    0.616699] pci 0000:00:02.1: bridge window [io  0x2000-0x2fff]: assigned
[    0.616704] pci 0000:00:02.2: bridge window [io  0x3000-0x3fff]: assigned
[    0.616709] pci 0000:00:02.3: bridge window [io  0x4000-0x4fff]: assigned
[    0.616714] pci 0000:00:02.4: bridge window [io  0x5000-0x5fff]: assigned
[    0.616719] pci 0000:00:02.5: bridge window [io  0x6000-0x6fff]: assigned
[    0.616724] pci 0000:00:02.6: bridge window [io  0x7000-0x7fff]: assigned
[    0.616729] pci 0000:00:02.7: bridge window [io  0x8000-0x8fff]: assigned
[    0.616734] pci 0000:00:03.0: bridge window [io  0x9000-0x9fff]: assigned
[    0.616739] pci 0000:00:03.1: bridge window [io  0xa000-0xafff]: assigned
[    0.616744] pci 0000:00:03.2: bridge window [io  0xb000-0xbfff]: assigned
[    0.616749] pci 0000:00:03.3: bridge window [io  0xd000-0xdfff]: assigned
[    0.616754] pci 0000:00:03.4: bridge window [io  0xe000-0xefff]: assigned
[    0.616759] pci 0000:00:03.5: bridge window [io  0xf000-0xffff]: assigned
[    0.616765] pci 0000:00:03.6: bridge window [io  size 0x1000]: can't assign; no space
[    0.616770] pci 0000:00:03.6: bridge window [io  size 0x1000]: failed to assign
[    0.616775] pci 0000:00:03.7: bridge window [io  size 0x1000]: can't assign; no space
[    0.616780] pci 0000:00:03.7: bridge window [io  size 0x1000]: failed to assign
[    0.616786] pci 0000:00:04.0: bridge window [io  size 0x1000]: can't assign; no space
[    0.616791] pci 0000:00:04.0: bridge window [io  size 0x1000]: failed to assign
[    0.616796] pci 0000:00:02.0: bridge window [io  0x1000-0x1fff]: releasing
[    0.616800] pci 0000:00:02.1: bridge window [io  0x2000-0x2fff]: releasing
[    0.616805] pci 0000:00:02.2: bridge window [io  0x3000-0x3fff]: releasing
[    0.616809] pci 0000:00:02.3: bridge window [io  0x4000-0x4fff]: releasing
[    0.616814] pci 0000:00:02.4: bridge window [io  0x5000-0x5fff]: releasing
[    0.616818] pci 0000:00:02.5: bridge window [io  0x6000-0x6fff]: releasing
[    0.616823] pci 0000:00:02.6: bridge window [io  0x7000-0x7fff]: releasing
[    0.616827] pci 0000:00:02.7: bridge window [io  0x8000-0x8fff]: releasing
[    0.616832] pci 0000:00:03.0: bridge window [io  0x9000-0x9fff]: releasing
[    0.616836] pci 0000:00:03.1: bridge window [io  0xa000-0xafff]: releasing
[    0.616841] pci 0000:00:03.2: bridge window [io  0xb000-0xbfff]: releasing
[    0.616845] pci 0000:00:03.3: bridge window [io  0xd000-0xdfff]: releasing
[    0.616850] pci 0000:00:03.4: bridge window [io  0xe000-0xefff]: releasing
[    0.616854] pci 0000:00:03.5: bridge window [io  0xf000-0xffff]: releasing
[    0.616860] pci 0000:00:04.0: bridge window [io  0x1000-0x1fff]: assigned
[    0.616865] pci 0000:00:03.7: bridge window [io  0x2000-0x2fff]: assigned
[    0.616870] pci 0000:00:03.6: bridge window [io  0x3000-0x3fff]: assigned
[    0.616875] pci 0000:00:03.5: bridge window [io  0x4000-0x4fff]: assigned
[    0.616880] pci 0000:00:03.4: bridge window [io  0x5000-0x5fff]: assigned
[    0.616885] pci 0000:00:03.3: bridge window [io  0x6000-0x6fff]: assigned
[    0.616890] pci 0000:00:03.2: bridge window [io  0x7000-0x7fff]: assigned
[    0.616895] pci 0000:00:03.1: bridge window [io  0x8000-0x8fff]: assigned
[    0.616902] pci 0000:00:03.0: bridge window [io  0x9000-0x9fff]: assigned
[    0.616907] pci 0000:00:02.7: bridge window [io  0xa000-0xafff]: assigned
[    0.616912] pci 0000:00:02.6: bridge window [io  0xb000-0xbfff]: assigned
[    0.616917] pci 0000:00:02.5: bridge window [io  0xd000-0xdfff]: assigned
[    0.616922] pci 0000:00:02.4: bridge window [io  0xe000-0xefff]: assigned
[    0.616927] pci 0000:00:02.3: bridge window [io  0xf000-0xffff]: assigned
[    0.616932] pci 0000:00:02.2: bridge window [io  size 0x1000]: can't assign; no space
[    0.616937] pci 0000:00:02.2: bridge window [io  size 0x1000]: failed to assign
[    0.616942] pci 0000:00:02.1: bridge window [io  size 0x1000]: can't assign; no space
[    0.616947] pci 0000:00:02.1: bridge window [io  size 0x1000]: failed to assign
[    0.616953] pci 0000:00:02.0: bridge window [io  size 0x1000]: can't assign; no space
[    0.616958] pci 0000:00:02.0: bridge window [io  size 0x1000]: failed to assign
[    0.616964] pci 0000:00:02.0: PCI bridge to [bus 01]
[    0.619010] pci 0000:00:02.0:   bridge window [mem 0xfe800000-0xfe9fffff]
[    0.620299] pci 0000:00:02.0:   bridge window [mem 0xe2000000000-0xe21ffffffff 64bit pref]
[    0.623133] pci 0000:00:02.1: PCI bridge to [bus 02]
[    0.625111] pci 0000:00:02.1:   bridge window [mem 0xfe600000-0xfe7fffff]
[    0.626467] pci 0000:00:02.1:   bridge window [mem 0xe1e00000000-0xe1fffffffff 64bit pref]
[    0.629155] pci 0000:00:02.2: PCI bridge to [bus 03]
[    0.630202] pci 0000:00:02.2:   bridge window [mem 0xfe400000-0xfe5fffff]
[    0.630901] pci 0000:00:02.2:   bridge window [mem 0xe1c00000000-0xe1dffffffff 64bit pref]
[    0.632707] pci 0000:00:02.3: PCI bridge to [bus 04]
[    0.632726] pci 0000:00:02.3:   bridge window [io  0xf000-0xffff]
[    0.634275] pci 0000:00:02.3:   bridge window [mem 0xfe200000-0xfe3fffff]
[    0.635529] pci 0000:00:02.3:   bridge window [mem 0xe1a00000000-0xe1bffffffff 64bit pref]
[    0.638048] pci 0000:00:02.4: PCI bridge to [bus 05]
[    0.638068] pci 0000:00:02.4:   bridge window [io  0xe000-0xefff]
[    0.640246] pci 0000:00:02.4:   bridge window [mem 0xfe000000-0xfe1fffff]
[    0.640900] pci 0000:00:02.4:   bridge window [mem 0xe1800000000-0xe19ffffffff 64bit pref]
[    0.642011] pci 0000:00:02.5: PCI bridge to [bus 06]
[    0.642030] pci 0000:00:02.5:   bridge window [io  0xd000-0xdfff]
[    0.643058] pci 0000:00:02.5:   bridge window [mem 0xfde00000-0xfdffffff]
[    0.643825] pci 0000:00:02.5:   bridge window [mem 0xe1600000000-0xe17ffffffff 64bit pref]
[    0.645665] pci 0000:00:02.6: PCI bridge to [bus 07]
[    0.645684] pci 0000:00:02.6:   bridge window [io  0xb000-0xbfff]
[    0.647203] pci 0000:00:02.6:   bridge window [mem 0xfdc00000-0xfddfffff]
[    0.648564] pci 0000:00:02.6:   bridge window [mem 0xe1400000000-0xe15ffffffff 64bit pref]
[    0.651861] pci 0000:00:02.7: PCI bridge to [bus 08]
[    0.651880] pci 0000:00:02.7:   bridge window [io  0xa000-0xafff]
[    0.652609] pci 0000:00:02.7:   bridge window [mem 0xfda00000-0xfdbfffff]
[    0.653077] pci 0000:00:02.7:   bridge window [mem 0xe1200000000-0xe13ffffffff 64bit pref]
[    0.654248] pci 0000:00:03.0: PCI bridge to [bus 09]
[    0.654267] pci 0000:00:03.0:   bridge window [io  0x9000-0x9fff]
[    0.655349] pci 0000:00:03.0:   bridge window [mem 0xfd800000-0xfd9fffff]
[    0.656030] pci 0000:00:03.0:   bridge window [mem 0xe1000000000-0xe11ffffffff 64bit pref]
[    0.657819] pci 0000:00:03.1: PCI bridge to [bus 0a]
[    0.657841] pci 0000:00:03.1:   bridge window [io  0x8000-0x8fff]
[    0.659884] pci 0000:00:03.1:   bridge window [mem 0xfd600000-0xfd7fffff]
[    0.662124] pci 0000:00:03.1:   bridge window [mem 0xe0e00000000-0xe0fffffffff 64bit pref]
[    0.664714] pci 0000:00:03.2: PCI bridge to [bus 0b]
[    0.664733] pci 0000:00:03.2:   bridge window [io  0x7000-0x7fff]
[    0.665486] pci 0000:00:03.2:   bridge window [mem 0xfd400000-0xfd5fffff]
[    0.665993] pci 0000:00:03.2:   bridge window [mem 0xe0c00000000-0xe0dffffffff 64bit pref]
[    0.666974] pci 0000:00:03.3: PCI bridge to [bus 0c]
[    0.666993] pci 0000:00:03.3:   bridge window [io  0x6000-0x6fff]
[    0.667832] pci 0000:00:03.3:   bridge window [mem 0xfd200000-0xfd3fffff]
[    0.668574] pci 0000:00:03.3:   bridge window [mem 0xe0a00000000-0xe0bffffffff 64bit pref]
[    0.670036] pci 0000:00:03.4: PCI bridge to [bus 0d]
[    0.670054] pci 0000:00:03.4:   bridge window [io  0x5000-0x5fff]
[    0.671753] pci 0000:00:03.4:   bridge window [mem 0xfd000000-0xfd1fffff]
[    0.673669] pci 0000:00:03.4:   bridge window [mem 0xe0800000000-0xe09ffffffff 64bit pref]
[    0.675924] pci 0000:00:03.5: PCI bridge to [bus 0e]
[    0.675943] pci 0000:00:03.5:   bridge window [io  0x4000-0x4fff]
[    0.676676] pci 0000:00:03.5:   bridge window [mem 0xfce00000-0xfcffffff]
[    0.677164] pci 0000:00:03.5:   bridge window [mem 0xe0600000000-0xe07ffffffff 64bit pref]
[    0.678335] pci 0000:00:03.6: PCI bridge to [bus 0f]
[    0.678354] pci 0000:00:03.6:   bridge window [io  0x3000-0x3fff]
[    0.679276] pci 0000:00:03.6:   bridge window [mem 0xfcc00000-0xfcdfffff]
[    0.679865] pci 0000:00:03.6:   bridge window [mem 0xe0400000000-0xe05ffffffff 64bit pref]
[    0.681357] pci 0000:00:03.7: PCI bridge to [bus 10]
[    0.681375] pci 0000:00:03.7:   bridge window [io  0x2000-0x2fff]
[    0.682469] pci 0000:00:03.7:   bridge window [mem 0xfca00000-0xfcbfffff]
[    0.683520] pci 0000:00:03.7:   bridge window [mem 0xe0200000000-0xe03ffffffff 64bit pref]
[    0.687172] pci 0000:00:04.0: PCI bridge to [bus 11]
[    0.687191] pci 0000:00:04.0:   bridge window [io  0x1000-0x1fff]
[    0.687916] pci 0000:00:04.0:   bridge window [mem 0xfc800000-0xfc9fffff]
[    0.688406] pci 0000:00:04.0:   bridge window [mem 0xe0000000000-0xe01ffffffff 64bit pref]
[    0.689369] pci_bus 0000:00: Some PCI device resources are unassigned, try booting with pci=realloc
[    0.689378] pci_bus 0000:00: resource 4 [io  0x0000-0x0cf7 window]
[    0.689384] pci_bus 0000:00: resource 5 [io  0x0d00-0xffff window]
[    0.689388] pci_bus 0000:00: resource 6 [mem 0x000a0000-0x000bffff window]
[    0.689393] pci_bus 0000:00: resource 7 [mem 0x80000000-0xafffffff window]
[    0.689398] pci_bus 0000:00: resource 8 [mem 0xc0000000-0xfebfffff window]
[    0.689402] pci_bus 0000:00: resource 9 [mem 0xe0000000000-0xe2200003fff window]
[    0.689407] pci_bus 0000:01: resource 0 [io  size 0x1000]
[    0.689411] pci_bus 0000:01: resource 1 [mem 0xfe800000-0xfe9fffff]
[    0.689416] pci_bus 0000:01: resource 2 [mem 0xe2000000000-0xe21ffffffff 64bit pref]
[    0.689422] pci_bus 0000:02: resource 0 [io  size 0x1000]
[    0.689426] pci_bus 0000:02: resource 1 [mem 0xfe600000-0xfe7fffff]
[    0.689430] pci_bus 0000:02: resource 2 [mem 0xe1e00000000-0xe1fffffffff 64bit pref]
[    0.689435] pci_bus 0000:03: resource 0 [io  size 0x1000]
[    0.689439] pci_bus 0000:03: resource 1 [mem 0xfe400000-0xfe5fffff]
[    0.689443] pci_bus 0000:03: resource 2 [mem 0xe1c00000000-0xe1dffffffff 64bit pref]
[    0.689449] pci_bus 0000:04: resource 0 [io  0xf000-0xffff]
[    0.689453] pci_bus 0000:04: resource 1 [mem 0xfe200000-0xfe3fffff]
[    0.689457] pci_bus 0000:04: resource 2 [mem 0xe1a00000000-0xe1bffffffff 64bit pref]
[    0.689462] pci_bus 0000:05: resource 0 [io  0xe000-0xefff]
[    0.689466] pci_bus 0000:05: resource 1 [mem 0xfe000000-0xfe1fffff]
[    0.689483] pci_bus 0000:05: resource 2 [mem 0xe1800000000-0xe19ffffffff 64bit pref]
[    0.689488] pci_bus 0000:06: resource 0 [io  0xd000-0xdfff]
[    0.689492] pci_bus 0000:06: resource 1 [mem 0xfde00000-0xfdffffff]
[    0.689496] pci_bus 0000:06: resource 2 [mem 0xe1600000000-0xe17ffffffff 64bit pref]
[    0.689502] pci_bus 0000:07: resource 0 [io  0xb000-0xbfff]
[    0.689506] pci_bus 0000:07: resource 1 [mem 0xfdc00000-0xfddfffff]
[    0.689510] pci_bus 0000:07: resource 2 [mem 0xe1400000000-0xe15ffffffff 64bit pref]
[    0.689515] pci_bus 0000:08: resource 0 [io  0xa000-0xafff]
[    0.689519] pci_bus 0000:08: resource 1 [mem 0xfda00000-0xfdbfffff]
[    0.689524] pci_bus 0000:08: resource 2 [mem 0xe1200000000-0xe13ffffffff 64bit pref]
[    0.689529] pci_bus 0000:09: resource 0 [io  0x9000-0x9fff]
[    0.689533] pci_bus 0000:09: resource 1 [mem 0xfd800000-0xfd9fffff]
[    0.689537] pci_bus 0000:09: resource 2 [mem 0xe1000000000-0xe11ffffffff 64bit pref]
[    0.689542] pci_bus 0000:0a: resource 0 [io  0x8000-0x8fff]
[    0.689546] pci_bus 0000:0a: resource 1 [mem 0xfd600000-0xfd7fffff]
[    0.689555] pci_bus 0000:0a: resource 2 [mem 0xe0e00000000-0xe0fffffffff 64bit pref]
[    0.689560] pci_bus 0000:0b: resource 0 [io  0x7000-0x7fff]
[    0.689564] pci_bus 0000:0b: resource 1 [mem 0xfd400000-0xfd5fffff]
[    0.689568] pci_bus 0000:0b: resource 2 [mem 0xe0c00000000-0xe0dffffffff 64bit pref]
[    0.689573] pci_bus 0000:0c: resource 0 [io  0x6000-0x6fff]
[    0.689577] pci_bus 0000:0c: resource 1 [mem 0xfd200000-0xfd3fffff]
[    0.689582] pci_bus 0000:0c: resource 2 [mem 0xe0a00000000-0xe0bffffffff 64bit pref]
[    0.689587] pci_bus 0000:0d: resource 0 [io  0x5000-0x5fff]
[    0.689591] pci_bus 0000:0d: resource 1 [mem 0xfd000000-0xfd1fffff]
[    0.689605] pci_bus 0000:0d: resource 2 [mem 0xe0800000000-0xe09ffffffff 64bit pref]
[    0.689611] pci_bus 0000:0e: resource 0 [io  0x4000-0x4fff]
[    0.689615] pci_bus 0000:0e: resource 1 [mem 0xfce00000-0xfcffffff]
[    0.689619] pci_bus 0000:0e: resource 2 [mem 0xe0600000000-0xe07ffffffff 64bit pref]
[    0.689624] pci_bus 0000:0f: resource 0 [io  0x3000-0x3fff]
[    0.689628] pci_bus 0000:0f: resource 1 [mem 0xfcc00000-0xfcdfffff]
[    0.689632] pci_bus 0000:0f: resource 2 [mem 0xe0400000000-0xe05ffffffff 64bit pref]
[    0.689638] pci_bus 0000:10: resource 0 [io  0x2000-0x2fff]
[    0.689642] pci_bus 0000:10: resource 1 [mem 0xfca00000-0xfcbfffff]
[    0.689646] pci_bus 0000:10: resource 2 [mem 0xe0200000000-0xe03ffffffff 64bit pref]
[    0.689651] pci_bus 0000:11: resource 0 [io  0x1000-0x1fff]
[    0.689655] pci_bus 0000:11: resource 1 [mem 0xfc800000-0xfc9fffff]
[    0.689660] pci_bus 0000:11: resource 2 [mem 0xe0000000000-0xe01ffffffff 64bit pref]
[    0.690455] ACPI: \_SB_.GSIG: Enabled at IRQ 22
[    0.692051] PCI: CLS 0 bytes, default 64
[    0.692142] PCI-DMA: Using software bounce buffering for IO (SWIOTLB)
[    0.692147] software IO TLB: mapped [mem 0x000000007bfdc000-0x000000007ffdc000] (64MB)
[    0.692462] Trying to unpack rootfs image as initramfs...
[    0.694905] Initialise system trusted keyrings
[    0.694929] Key type blacklist registered
[    0.695048] workingset: timestamp_bits=36 (anon: 31) max_order=20 bucket_order=0 (anon: 0)
[    0.695450] squashfs: version 4.0 (2009/01/31) Phillip Lougher
[    0.696446] fuse: init (API version 7.46)
[    0.696684] integrity: Platform Keyring initialized
[    0.696691] integrity: Machine keyring initialized
[    0.706048] Key type asymmetric registered
[    0.706053] Asymmetric key parser 'x509' registered
[    0.706112] Block layer SCSI generic (bsg) driver version 0.4 loaded (major 242)
[    0.706635] io scheduler mq-deadline registered
[    0.707614] ledtrig-cpu: registered to indicate activity on CPUs
[    0.710422] pcieport 0000:00:02.0: PME: Signaling with IRQ 24
[    0.710732] pcieport 0000:00:02.0: AER: enabled with IRQ 24
[    0.714076] pcieport 0000:00:02.1: PME: Signaling with IRQ 25
[    0.714735] pcieport 0000:00:02.1: AER: enabled with IRQ 25
[    0.716361] pcieport 0000:00:02.2: PME: Signaling with IRQ 26
[    0.716733] pcieport 0000:00:02.2: AER: enabled with IRQ 26
[    0.719987] pcieport 0000:00:02.3: PME: Signaling with IRQ 27
[    0.720737] pcieport 0000:00:02.3: AER: enabled with IRQ 27
[    0.723013] pcieport 0000:00:02.4: PME: Signaling with IRQ 28
[    0.723723] pcieport 0000:00:02.4: AER: enabled with IRQ 28
[    0.726292] pcieport 0000:00:02.5: PME: Signaling with IRQ 29
[    0.726734] pcieport 0000:00:02.5: AER: enabled with IRQ 29
[    0.730086] pcieport 0000:00:02.6: PME: Signaling with IRQ 30
[    0.731722] pcieport 0000:00:02.6: AER: enabled with IRQ 30
[    0.733837] pcieport 0000:00:02.7: PME: Signaling with IRQ 31
[    0.735729] pcieport 0000:00:02.7: AER: enabled with IRQ 31
[    0.736632] ACPI: \_SB_.GSIH: Enabled at IRQ 23
[    0.737909] pcieport 0000:00:03.0: PME: Signaling with IRQ 32
[    0.738720] pcieport 0000:00:03.0: AER: enabled with IRQ 32
[    0.741391] pcieport 0000:00:03.1: PME: Signaling with IRQ 33
[    0.741734] pcieport 0000:00:03.1: AER: enabled with IRQ 33
[    0.743794] pcieport 0000:00:03.2: PME: Signaling with IRQ 34
[    0.744722] pcieport 0000:00:03.2: AER: enabled with IRQ 34
[    0.746858] pcieport 0000:00:03.3: PME: Signaling with IRQ 35
[    0.747757] pcieport 0000:00:03.3: AER: enabled with IRQ 35
[    0.750366] pcieport 0000:00:03.4: PME: Signaling with IRQ 36
[    0.751144] pcieport 0000:00:03.4: AER: enabled with IRQ 36
[    0.753319] pcieport 0000:00:03.5: PME: Signaling with IRQ 37
[    0.754427] pcieport 0000:00:03.5: AER: enabled with IRQ 37
[    0.756719] pcieport 0000:00:03.6: PME: Signaling with IRQ 38
[    0.757729] pcieport 0000:00:03.6: AER: enabled with IRQ 38
[    0.760612] pcieport 0000:00:03.7: PME: Signaling with IRQ 39
[    0.761803] pcieport 0000:00:03.7: AER: enabled with IRQ 39
[    0.762721] ACPI: \_SB_.GSIE: Enabled at IRQ 20
[    0.763914] pcieport 0000:00:04.0: PME: Signaling with IRQ 40
[    0.764734] pcieport 0000:00:04.0: AER: enabled with IRQ 40
[    0.766708] input: Power Button as /devices/platform/LNXPWRBN:00/input/input0
[    0.766773] ACPI: button: Power Button [PWRF]
[    0.769662] ACPI: \_SB_.GSIF: Enabled at IRQ 21
[    0.784262] Serial: 8250/16550 driver, 32 ports, IRQ sharing enabled
[    0.809518] 00:00: ttyS0 I/O:0x3f8 (irq = 4, base_baud = 115200) is a 16550A
[    0.835964] ACPI: bus type drm_connector registered
[    0.840675] loop: module loaded
[    0.840874] virtio_blk virtio2: 2/0/0 default/read/poll queues
[    0.841938] virtio_blk virtio2: [vda] 83886080 512-byte logical blocks (42.9 GB/40.0 GiB)
[    0.844670]  vda: vda1 vda2 vda3
[    0.845112] tun: Universal TUN/TAP device driver, 1.6
[    0.850132] PPP generic driver version 2.4.2
[    0.851712] xhci_hcd 0000:03:00.0: xHCI Host Controller
[    0.851723] xhci_hcd 0000:03:00.0: new USB bus registered, assigned bus number 1
[    0.851853] ------------[ cut here ]------------
[    0.851858] WARNING: mm/page_alloc.c:5340 at __alloc_frozen_pages_noprof+0x15d1/0x1b10, CPU#1: swapper/0/1
[    0.851868] Modules linked in:
[    0.851873] CPU: 1 UID: 0 PID: 1 Comm: swapper/0 Not tainted 7.3.0-rc1-cifs #7 PREEMPT(lazy) 
[    0.851880] Hardware name: QEMU Standard PC (Q35 + ICH9, 2009), BIOS 1.17.0-10.fc44 06/10/2025
[    0.851885] RIP: 0010:__alloc_frozen_pages_noprof+0x15d1/0x1b10
[    0.851890] Code: f8 ff 49 89 c7 e9 b2 f7 ff ff 0f b6 1d f6 7b 60 02 80 fb 01 0f 87 e5 ec 9d ff 83 e3 01 0f 85 93 ec ff ff c6 05 dd 7b 60 02 01 <0f> 0b e9 85 ec ff ff 48 8d 7d 90 e8 5f 39 ca ff e9 9e f4 ff ff bf
[    0.851898] RSP: 0018:ffffce26c0013678 EFLAGS: 00010246
[    0.851903] RAX: 0000000000000000 RBX: 0000000000000000 RCX: 0000000000000000
[    0.851908] RDX: 0000000000000000 RSI: 0000000000000034 RDI: 0000000000000cc0
[    0.851912] RBP: ffffce26c00137c0 R08: 0000000000000000 R09: 0000000000000cc0
[    0.851916] R10: 0000000000000034 R11: 0000000000000000 R12: 0000000000000cc0
[    0.851920] R13: 0000000000000000 R14: 0000000000000000 R15: 0000000000000000
[    0.851926] FS:  0000000000000000(0000) GS:ffff88d964cf0000(0000) knlGS:0000000000000000
[    0.851931] CS:  0010 DS: 0000 ES: 0000 CR0: 0000000080050033
[    0.851935] CR2: 0000000000000000 CR3: 0000000071c42000 CR4: 0000000000750ef0
[    0.851940] PKRU: 55555554
[    0.851943] Call Trace:
[    0.851953]  <TASK>
[    0.851958]  ? srso_alias_return_thunk+0x5/0xfbef5
[    0.851963]  ? cc_platform_has+0x30/0x50
[    0.851969]  ? srso_alias_return_thunk+0x5/0xfbef5
[    0.851973]  ? force_dma_unencrypted+0x36/0xb0
[    0.851978]  ? srso_alias_return_thunk+0x5/0xfbef5
[    0.851982]  ? dma_coherent_ok+0x1c/0x120
[    0.851988]  ? srso_alias_return_thunk+0x5/0xfbef5
[    0.851992]  ? __dma_direct_alloc_pages.isra.0+0x16e/0x1c0
[    0.851998]  ? dma_direct_alloc+0x15e/0x2d0
[    0.852004]  alloc_pages_node_noprof+0x4a/0xa0
[    0.852008]  ? _raw_spin_unlock_irqrestore+0x11/0x60
[    0.852013]  ? srso_alias_return_thunk+0x5/0xfbef5
[    0.852018]  __dma_direct_alloc_pages.isra.0+0x149/0x1c0
[    0.852023]  dma_direct_alloc+0x1ba/0x2d0
[    0.852029]  dma_alloc_attrs+0x9b/0x1e0
[    0.852034]  xhci_alloc_interrupter+0xfc/0x210
[    0.852039]  ? xhci_mem_init+0x277/0xcf0
[    0.852044]  xhci_mem_init+0x2a3/0xcf0
[    0.852048]  ? srso_alias_return_thunk+0x5/0xfbef5
[    0.852053]  ? srso_alias_return_thunk+0x5/0xfbef5
[    0.852057]  ? xhci_dbg_trace+0x71/0xe0
[    0.852066]  ? __pfx_xhci_pci_quirks+0x10/0x10
[    0.852072]  xhci_gen_setup+0x3a6/0x540
[    0.852078]  xhci_pci_setup+0x58/0x1d0
[    0.852083]  usb_add_hcd.cold+0x272/0x60c
[    0.852089]  usb_hcd_pci_probe+0x215/0x4f0
[    0.852094]  ? srso_alias_return_thunk+0x5/0xfbef5
[    0.852098]  ? __devm_reset_control_get+0x109/0x140
[    0.852105]  xhci_pci_common_probe+0x61/0x2f0
[    0.852109]  ? pci_match_id+0x66/0x90
[    0.852115]  xhci_pci_probe+0x31/0x50
[    0.852119]  local_pci_probe+0x43/0xa0
[    0.852125]  pci_call_probe+0x5a/0x190
[    0.852131]  pci_device_probe+0xd9/0x160
[    0.852136]  really_probe+0xf9/0x3b0
[    0.852140]  ? srso_alias_return_thunk+0x5/0xfbef5
[    0.852145]  __driver_probe_device+0xa2/0x1c0
[    0.852150]  driver_probe_device+0x24/0xb0
[    0.852154]  ? __pfx___driver_attach+0x10/0x10
[    0.852158]  __driver_attach+0xef/0x250
[    0.852162]  ? _raw_spin_unlock+0xe/0x40
[    0.852167]  bus_for_each_dev+0x8a/0xe0
[    0.852173]  driver_attach+0x1e/0x30
[    0.852176]  bus_add_driver+0x14e/0x240
[    0.852181]  ? __pfx_xhci_pci_init+0x10/0x10
[    0.852187]  driver_register+0x75/0xf0
[    0.852192]  __pci_register_driver+0x5e/0x70
[    0.852197]  xhci_pci_init+0x68/0x80
[    0.852201]  do_one_initcall+0x54/0x330
[    0.852206]  ? __pfx_ignore_unknown_bootoption+0x10/0x10
[    0.852214]  kernel_init_freeable+0x2c9/0x370
[    0.852221]  ? __pfx_kernel_init+0x10/0x10
[    0.852226]  kernel_init+0x20/0x160
[    0.852230]  ? __pfx_kernel_init+0x10/0x10
[    0.852234]  ret_from_fork+0x2c3/0x380
[    0.852238]  ? __pfx_kernel_init+0x10/0x10
[    0.852242]  ? __pfx_kernel_init+0x10/0x10
[    0.852246]  ret_from_fork_asm+0x1a/0x30
[    0.852253]  </TASK>
[    0.852256] ---[ end trace 0000000000000000 ]---
[    0.852260] xhci_hcd 0000:03:00.0: Failed to allocate interrupter erst
[    0.852333] xhci_hcd 0000:03:00.0: can't setup: -12
[    0.852340] xhci_hcd 0000:03:00.0: USB bus 1 deregistered
[    0.853405] xhci_hcd 0000:03:00.0: init 0000:03:00.0 fail, -12
[    0.853412] xhci_hcd 0000:03:00.0: probe with driver xhci_hcd failed with error -12
[    0.853477] i8042: PNP: PS/2 Controller [PNP0303:KBD,PNP0f13:MOU] at 0x60,0x64 irq 1,12
[    0.854292] serio: i8042 KBD port at 0x60,0x64 irq 1
[    0.854303] serio: i8042 AUX port at 0x60,0x64 irq 12
[    0.854450] mousedev: PS/2 mouse device common for all mice
[    0.854601] rtc_cmos PNP0B00:00: RTC can wake from S4
[    0.855246] rtc_cmos PNP0B00:00: registered as rtc0
[    0.855343] rtc_cmos PNP0B00:00: setting system clock to 2026-09-04T08:37:11 UTC (1788511031)
[    0.855420] rtc_cmos PNP0B00:00: alarms up to one day, y3k, 242 bytes nvram
[    0.855443] i2c_dev: i2c /dev entries driver
[    0.855498] device-mapper: core: CONFIG_IMA_DISABLE_HTABLE is disabled. Duplicate IMA measurements will not be recorded in the IMA log.
[    0.855518] device-mapper: uevent: version 1.0.3
[    0.855614] device-mapper: ioctl: 4.50.0-ioctl (2025-04-28) initialised: dm-devel@lists.linux.dev
[    0.855911] simple-framebuffer simple-framebuffer.0: [drm] Registered 1 planes with drm panic
[    0.855989] [drm] Initialized simpledrm 1.0.0 for simple-framebuffer.0 on minor 0
[    0.857861] input: AT Translated Set 2 keyboard as /devices/platform/i8042/serio0/input/input1
[    0.858903] Console: switching to colour frame buffer device 80x30
[    0.859175] simple-framebuffer simple-framebuffer.0: [drm] fb0: simpledrmdrmfb frame buffer device
[    0.860159] drop_monitor: Initializing network drop monitor service
[    0.860316] NET: Registered PF_INET6 protocol family
[    0.860622] Segment Routing with IPv6
[    0.860738] In-situ OAM (IOAM) with IPv6
[    0.860863] NET: Registered PF_PACKET protocol family
[    0.861626] Key type dns_resolver registered
[    0.862519] IPI shorthand broadcast: enabled
[    0.865652] sched_clock: Marking stable (864001896, 1595141)->(909093774, -43496737)
[    0.866170] registered taskstats version 1
[    0.867905] Loading compiled-in X.509 certificates
[    0.868963] Loaded X.509 cert 'Build time autogenerated kernel key: 1754d7aef392649e44f8981dde07d8fc26fd5b7d'
[    0.879212] Demotion targets for Node 0: null
[    0.879372] Key type .fscrypt registered
[    0.879486] Key type fscrypt-provisioning registered
[    0.879792] Key type big_key registered
[    0.879889] Key type encrypted registered
[    0.879980] AppArmor: AppArmor sha256 policy hashing enabled
[    0.880073] ima: No TPM chip found, activating TPM-bypass!
[    0.880163] Loading compiled-in module X.509 certificates
[    0.880568] Loaded X.509 cert 'Build time autogenerated kernel key: 1754d7aef392649e44f8981dde07d8fc26fd5b7d'
[    0.880868] ima: Allocated hash algorithm: sha256
[    0.881109] ima: No architecture policies found
[    0.881222] evm: Initialising EVM extended attributes:
[    0.881304] evm: security.selinux
[    0.881384] evm: security.SMACK64
[    0.881460] evm: security.SMACK64EXEC
[    0.881541] evm: security.SMACK64TRANSMUTE
[    0.881740] evm: security.SMACK64MMAP
[    0.881811] evm: security.apparmor
[    0.881879] evm: security.ima
[    0.881946] evm: security.capability
[    0.882012] evm: HMAC attrs: 0x1
[    0.882418] PM:   Magic number: 10:745:623
[    0.883199] RAS: Correctable Errors collector initialized.
[    0.886625] clk: Disabling unused clocks
[    0.886711] PM: genpd: Disabling unused power domains
[    1.188246] Freeing initrd memory: 59736K
[    1.190936] Freeing unused decrypted memory: 2028K
[    1.192854] Freeing unused kernel image (initmem) memory: 5352K
[    1.192937] Write protecting the kernel read-only data: 43008k
[    1.193481] Freeing unused kernel image (text/rodata gap) memory: 712K
[    1.193964] Freeing unused kernel image (rodata/data gap) memory: 1656K
[    1.250983] x86/mm: Checked W+X mappings: passed, no W+X pages found.
[    1.251099] Run /init as init process
[    1.251168]   with arguments:
[    1.251170]     /init
[    1.251172]   with environment:
[    1.251173]     HOME=/
[    1.251174]     TERM=linux
[    1.258570] systemd[1]: Inserted module 'autofs4'
[    1.282141] systemd[1]: Successfully made /usr/ read-only.
[    1.282702] systemd[1]: systemd 259.5-0ubuntu3.4 running in system mode (+PAM +AUDIT +SELINUX +APPARMOR +IMA +IPE +SMACK +SECCOMP +GCRYPT -GNUTLS +OPENSSL +ACL +BLKID +CURL +ELFUTILS +FIDO2 +IDN2 -IDN +KMOD +LIBCRYPTSETUP +LIBCRYPTSETUP_PLUGINS +LIBFDISK +PCRE2 +PWQUALITY +P11KIT +QRENCODE +TPM2 +BZIP2 +LZ4 +XZ +ZLIB +ZSTD +BPF_FRAMEWORK +BTF -XKBCOMMON -UTMP +SYSVINIT +LIBARCHIVE)
[    1.283146] systemd[1]: Detected virtualization kvm.
[    1.283338] systemd[1]: Detected architecture x86-64.
[    1.283568] systemd[1]: Running in initrd.
[    1.284202] systemd[1]: Hostname set to <linux-cifs-client>.
[    1.360774] systemd[1]: bpf-restrict-fs: BPF LSM hook not enabled in the kernel, BPF LSM not supported.
[    1.413074] systemd[1]: Queued start job for default target initrd.target.
[    1.422273] systemd[1]: Started systemd-ask-password-console.path - Dispatch Password Requests to Console Directory Watch.
[    1.422885] systemd[1]: Expecting device dev-disk-by\x2duuid-2df0bfd1\x2d0a62\x2d47ec\x2d8052\x2d7457a6e2f6e3.device - /dev/disk/by-uuid/2df0bfd1-0a62-47ec-8052-7457a6e2f6e3...
[    1.423511] systemd[1]: Expecting device dev-mapper-ubuntu\x2d\x2dvg\x2dubuntu\x2d\x2dlv.device - /dev/mapper/ubuntu--vg-ubuntu--lv...
[    1.424085] systemd[1]: Reached target initrd-usr-fs.target - Initrd /usr File System.
[    1.424664] systemd[1]: Reached target paths.target - Path Units.
[    1.425129] systemd[1]: Reached target slices.target - Slice Units.
[    1.425618] systemd[1]: Reached target swap.target - Swaps.
[    1.426085] systemd[1]: Reached target timers.target - Timer Units.
[    1.426640] systemd[1]: Listening on systemd-journald-dev-log.socket - Journal Socket (/dev/log).
[    1.427293] systemd[1]: Listening on systemd-journald.socket - Journal Sockets.
[    1.427990] systemd[1]: Listening on systemd-networkd.socket - Network Management Netlink Socket.
[    1.428657] systemd[1]: Listening on systemd-udevd-control.socket - udev Control Socket.
[    1.429282] systemd[1]: Listening on systemd-udevd-kernel.socket - udev Kernel Socket.
[    1.429897] systemd[1]: Reached target sockets.target - Socket Units.
[    1.431311] systemd[1]: Starting dracut-cmdline-ask.service - dracut ask for additional cmdline parameters...
[    1.433652] systemd[1]: Starting kmod-static-nodes.service - Create List of Static Device Nodes...
[    1.434298] systemd[1]: systemd-battery-check.service - Early Battery Level Check skipped, unmet condition check ConditionDirectoryNotEmpty=/sys/class/power_supply
[    1.443545] systemd[1]: Starting systemd-journald.service - Journal Service...
[    1.449668] systemd[1]: Starting systemd-modules-load.service - Load Kernel Modules...
[    1.451031] systemd[1]: Starting systemd-network-generator.service - Generate Network Units from Kernel Command Line...
[    1.452973] systemd[1]: systemd-pcrphase-initrd.service - TPM PCR Barrier (initrd) skipped, unmet condition check ConditionSecurity=measured-uki
[    1.461468] systemd[1]: Finished dracut-cmdline-ask.service - dracut ask for additional cmdline parameters.
[    1.462791] systemd[1]: Finished kmod-static-nodes.service - Create List of Static Device Nodes.
[    1.466194] systemd[1]: Starting dracut-cmdline.service - dracut cmdline hook...
[    1.468466] systemd[1]: Starting systemd-tmpfiles-setup-dev-early.service - Create Static Device Nodes in /dev gracefully...
[    1.473468] systemd[1]: Finished systemd-network-generator.service - Generate Network Units from Kernel Command Line.
[    1.475014] systemd-journald[131]: Collecting audit messages is disabled.
[    1.476383] systemd[1]: Finished systemd-modules-load.service - Load Kernel Modules.
[    1.477011] systemd[1]: Reached target network-pre.target - Preparation for Network.
[    1.478312] systemd[1]: Listening on systemd-networkd-resolve-hook.socket - Network Management Resolve Hook Socket.
[    1.482417] systemd[1]: Starting systemd-sysctl.service - Apply Kernel Variables...
[    1.499342] systemd[1]: Finished systemd-tmpfiles-setup-dev-early.service - Create Static Device Nodes in /dev gracefully.
[    1.502055] systemd[1]: Starting systemd-tmpfiles-setup-dev.service - Create Static Device Nodes in /dev...
[    1.517310] systemd[1]: Finished systemd-sysctl.service - Apply Kernel Variables.
[    1.520322] systemd[1]: Finished systemd-tmpfiles-setup-dev.service - Create Static Device Nodes in /dev.
[    1.520795] systemd[1]: Reached target local-fs-pre.target - Preparation for Local File Systems.
[    1.521357] systemd[1]: Reached target local-fs.target - Local File Systems.
[    1.568746] systemd[1]: Started systemd-journald.service - Journal Service.
[    1.925425] virtio_net virtio5 enp16s0: renamed from eth0
[    1.930958] virtio_net virtio6 enp17s0: renamed from eth1
[    2.075771] ACPI: \_SB_.GSIA: Enabled at IRQ 16
[    2.077346] ahci 0000:00:1f.2: AHCI vers 0001.0000, 32 command slots, 1.5 Gbps, SATA mode
[    2.077351] ahci 0000:00:1f.2: 6/6 ports implemented (port mask 0x3f)
[    2.077353] ahci 0000:00:1f.2: flags: 64bit ncq only 
[    2.114638] scsi host0: ahci
[    2.116461] scsi host1: ahci
[    2.117994] scsi host2: ahci
[    2.121685] scsi host3: ahci
[    2.122182] scsi host4: ahci
[    2.123146] scsi host5: ahci
[    2.123218] ata1: SATA max UDMA/133 abar m4096@0xfea22000 port 0xfea22100 irq 56 lpm-pol 1
[    2.123228] ata2: SATA max UDMA/133 abar m4096@0xfea22000 port 0xfea22180 irq 56 lpm-pol 1
[    2.123238] ata3: SATA max UDMA/133 abar m4096@0xfea22000 port 0xfea22200 irq 56 lpm-pol 1
[    2.123248] ata4: SATA max UDMA/133 abar m4096@0xfea22000 port 0xfea22280 irq 56 lpm-pol 1
[    2.123257] ata5: SATA max UDMA/133 abar m4096@0xfea22000 port 0xfea22300 irq 56 lpm-pol 1
[    2.123267] ata6: SATA max UDMA/133 abar m4096@0xfea22000 port 0xfea22380 irq 56 lpm-pol 1
[    2.435630] ata3: SATA link down (SStatus 0 SControl 300)
[    2.435902] ata1: SATA link down (SStatus 0 SControl 300)
[    2.436166] ata4: SATA link down (SStatus 0 SControl 300)
[    2.436401] ata2: SATA link down (SStatus 0 SControl 300)
[    2.436631] ata5: SATA link down (SStatus 0 SControl 300)
[    2.436836] ata6: SATA link down (SStatus 0 SControl 300)
[    2.943451] input: ImExPS/2 Generic Explorer Mouse as /devices/platform/i8042/serio1/input/input3
[    3.176848] EXT4-fs (dm-0): mounted filesystem ea8fb1bf-8287-496c-8a5e-1492b17c1cd7 ro with ordered data mode. Quota mode: none.
[    3.353176] systemd-journald[131]: Received SIGTERM from PID 1 (systemd).
[    3.471510] NET: Registered PF_VSOCK protocol family
[    3.477116] systemd[1]: systemd 259.5-0ubuntu3.4 running in system mode (+PAM +AUDIT +SELINUX +APPARMOR +IMA +IPE +SMACK +SECCOMP +GCRYPT -GNUTLS +OPENSSL +ACL +BLKID +CURL +ELFUTILS +FIDO2 +IDN2 -IDN +KMOD +LIBCRYPTSETUP +LIBCRYPTSETUP_PLUGINS +LIBFDISK +PCRE2 +PWQUALITY +P11KIT +QRENCODE +TPM2 +BZIP2 +LZ4 +XZ +ZLIB +ZSTD +BPF_FRAMEWORK +BTF -XKBCOMMON -UTMP +SYSVINIT +LIBARCHIVE)
[    3.477121] systemd[1]: Detected virtualization kvm.
[    3.477133] systemd[1]: Detected architecture x86-64.
[    3.570907] systemd[1]: bpf-restrict-fs: BPF LSM hook not enabled in the kernel, BPF LSM not supported.
[    3.694861] systemd[1]: /usr/lib/systemd/system/xfs_scrub_all.service:26: Support for option CPUAccounting= has been removed and it is ignored
[    3.695222] systemd[1]: /usr/lib/systemd/system/system-xfs_scrub.slice:15: Support for option CPUAccounting= has been removed and it is ignored
[    3.764253] systemd[1]: initrd-switch-root.service: Deactivated successfully.
[    3.764423] systemd[1]: Stopped initrd-switch-root.service - Switch Root.
[    3.766115] systemd[1]: systemd-journald.service: Scheduled restart job, restart counter is at 1.
[    3.766614] systemd[1]: Created slice system-systemd\x2dfsck.slice - Slice /system/systemd-fsck.
[    3.767316] systemd[1]: Created slice system-xfs_scrub.slice - xfs_scrub background service slice.
[    3.768040] systemd[1]: Created slice user.slice - User and Session Slice.
[    3.768341] systemd[1]: Started systemd-ask-password-wall.path - Forward Password Requests to Wall Directory Watch.
[    3.768802] systemd[1]: Set up automount proc-sys-fs-binfmt_misc.automount - Arbitrary Executable File Formats File System Automount Point.
[    3.769063] systemd[1]: Expecting device dev-disk-by\x2duuid-2df0bfd1\x2d0a62\x2d47ec\x2d8052\x2d7457a6e2f6e3.device - /dev/disk/by-uuid/2df0bfd1-0a62-47ec-8052-7457a6e2f6e3...
[    3.769319] systemd[1]: Reached target imports.target - Image Downloads.
[    3.769580] systemd[1]: Stopped target initrd-switch-root.target - Switch Root.
[    3.769844] systemd[1]: Stopped target initrd-fs.target - Initrd File Systems.
[    3.770087] systemd[1]: Stopped target initrd-root-fs.target - Initrd Root File System.
[    3.770336] systemd[1]: Reached target integritysetup.target - Local Integrity Protected Volumes.
[    3.770634] systemd[1]: Reached target slices.target - Slice Units.
[    3.770886] systemd[1]: Reached target snapd.mounts-pre.target - Mounting snaps.
[    3.771140] systemd[1]: Reached target time-set.target - System Time Set.
[    3.771400] systemd[1]: Reached target veritysetup.target - Local Verity Protected Volumes.
[    3.771718] systemd[1]: Listening on dm-event.socket - Device-mapper event daemon FIFOs.
[    3.772013] systemd[1]: Listening on lvm2-lvmpolld.socket - LVM2 poll daemon socket.
[    3.772318] systemd[1]: Listening on syslog.socket - Syslog Socket.
[    3.773200] systemd[1]: Listening on systemd-ask-password.socket - Query the User Interactively for a Password.
[    3.773920] systemd[1]: Listening on systemd-creds.socket - Credential Encryption/Decryption.
[    3.774756] systemd[1]: Listening on systemd-factory-reset.socket - Factory Reset Management.
[    3.775653] systemd[1]: Listening on systemd-mute-console.socket - Console Output Muting Service Socket.
[    3.776014] systemd[1]: Listening on systemd-networkd-varlink.socket - Network Management Varlink Socket.
[    3.776351] systemd[1]: Listening on systemd-networkd.socket - Network Management Netlink Socket.
[    3.777035] systemd[1]: systemd-pcrextend.socket - TPM PCR Measurements skipped, unmet condition check ConditionSecurity=measured-uki
[    3.777050] systemd[1]: systemd-pcrlock.socket - Make TPM PCR Policy skipped, unmet condition check ConditionSecurity=measured-uki
[    3.777118] systemd[1]: Listening on systemd-resolved-monitor.socket - Resolve Monitor Varlink Socket.
[    3.777403] systemd[1]: Listening on systemd-resolved-varlink.socket - Resolve Service Varlink Socket.
[    3.777719] systemd[1]: Listening on systemd-udevd-control.socket - udev Control Socket.
[    3.777891] systemd[1]: Listening on systemd-udevd-varlink.socket - udev Varlink Socket.
[    3.778926] systemd[1]: Mounting dev-hugepages.mount - Huge Pages File System...
[    3.780425] systemd[1]: Mounting dev-mqueue.mount - POSIX Message Queue File System...
[    3.781676] systemd[1]: Mounting sys-kernel-debug.mount - Kernel Debug File System...
[    3.785585] systemd[1]: Mounting sys-kernel-tracing.mount - Kernel Trace File System...
[    3.794209] systemd[1]: Starting systemd-journald.service - Journal Service...
[    3.798659] systemd[1]: Starting keyboard-setup.service - Set the console keyboard layout...
[    3.802798] systemd[1]: Starting kmod-static-nodes.service - Create List of Static Device Nodes...
[    3.805001] systemd[1]: Starting lvm2-monitor.service - Monitoring of LVM2 mirrors, snapshots etc. using dmeventd or progress polling...
[    3.805248] systemd[1]: modprobe@configfs.service - Load Kernel Module configfs skipped, unmet condition check ConditionKernelModuleLoaded=!configfs
[    3.806839] systemd[1]: Starting modprobe@dm_multipath.service - Load Kernel Module dm_multipath...
[    3.807563] systemd[1]: modprobe@drm.service - Load Kernel Module drm skipped, unmet condition check ConditionKernelModuleLoaded=!drm
[    3.810482] systemd[1]: Starting modprobe@efi_pstore.service - Load Kernel Module efi_pstore...
[    3.811819] systemd[1]: modprobe@fuse.service - Load Kernel Module fuse skipped, unmet condition check ConditionKernelModuleLoaded=!fuse
[    3.815694] systemd[1]: Mounting sys-fs-fuse-connections.mount - FUSE Control File System...
[    3.820787] systemd[1]: Starting modprobe@ksmbd.service - Load Kernel Module ksmbd...
[    3.821108] systemd[1]: netplan-ovs-cleanup.service - OpenVSwitch configuration for cleanup skipped, unmet condition check ConditionFileIsExecutable=/usr/bin/ovs-vsctl
[    3.821218] systemd[1]: systemd-hibernate-clear.service - Clear Stale Hibernate Storage Info skipped, unmet condition check ConditionPathExists=/sys/firmware/efi/efivars/HibernateLocation-8cf2644b-4b0b-428f-9387-6d876050dc67
[    3.824644] systemd[1]: Starting systemd-modules-load.service - Load Kernel Modules...
[    3.824901] systemd[1]: systemd-pcrmachine.service - TPM PCR Machine ID Measurement skipped, unmet condition check ConditionSecurity=measured-uki
[    3.824926] systemd[1]: systemd-pcrproduct.service - TPM NvPCR Product ID Measurement skipped, unmet condition check ConditionSecurity=measured-uki
[    3.826922] systemd[1]: Starting systemd-remount-fs.service - Remount Root and Kernel File Systems...
[    3.827252] systemd[1]: systemd-tpm2-setup-early.service - Early TPM SRK Setup skipped, unmet condition check ConditionSecurity=measured-uki
[    3.828582] systemd[1]: Starting systemd-udev-load-credentials.service - Load udev Rules from Credentials...
[    3.831939] systemd[1]: Starting systemd-udev-trigger.service - Coldplug All udev Devices...
[    3.835004] systemd[1]: Mounted dev-hugepages.mount - Huge Pages File System.
[    3.835585] systemd[1]: Mounted dev-mqueue.mount - POSIX Message Queue File System.
[    3.835923] systemd[1]: Mounted sys-kernel-debug.mount - Kernel Debug File System.
[    3.836754] systemd[1]: Mounted sys-kernel-tracing.mount - Kernel Trace File System.
[    3.842202] systemd[1]: Finished keyboard-setup.service - Set the console keyboard layout.
[    3.842967] systemd[1]: Finished kmod-static-nodes.service - Create List of Static Device Nodes.
[    3.845480] systemd[1]: Mounted sys-fs-fuse-connections.mount - FUSE Control File System.
[    3.848932] systemd[1]: Starting systemd-tmpfiles-setup-dev-early.service - Create Static Device Nodes in /dev gracefully...
[    3.852904] systemd-journald[549]: Collecting audit messages is disabled.
[    3.864150] systemd[1]: Finished systemd-modules-load.service - Load Kernel Modules.
[    3.864400] systemd[1]: Started systemd-journald.service - Journal Service.
[    3.877334] EXT4-fs (dm-0): re-mounted ea8fb1bf-8287-496c-8a5e-1492b17c1cd7 r/w.
[    3.918145] smbdirect: subsystem loading...
[    3.919574] smbdirect: subsystem loaded
[    3.939664] systemd-journald[549]: Received client request to flush runtime journal.
[    3.957501] Adding 2097148k swap on /swap.img.  Priority:-1 extents:6 across:10731516k 
[    4.630755] [drm] pci: virtio-vga detected at 0000:00:01.0
[    4.675130] Console: switching to colour dummy device 80x25
[    4.725032] virtio-pci 0000:00:01.0: vgaarb: deactivate vga console
[    4.725259] [drm] features: -virgl +edid -resource_blob -host_visible
[    4.725261] [drm] features: -context_init -blob_alignment
[    4.727489] [drm] number of scanouts: 1
[    4.727499] [drm] number of cap sets: 0
[    4.727741] virtio-pci 0000:00:01.0: [drm] [PLANE:36:plane-1] pixel format with alpha exposed but blend mode not setup. Please fix.
[    4.729762] virtio-pci 0000:00:01.0: [drm] Registered 1 planes with drm panic
[    4.732615] [drm] Initialized virtio_gpu 0.1.0 for 0000:00:01.0 on minor 1
[    4.739286] lpc_ich 0000:00:1f.0: I/O space for GPIO uninitialized
[    4.742630] fbcon: virtio_gpudrmfb (fb0) is primary device
[    4.756749] Console: switching to colour frame buffer device 160x50
[    4.762569] i801_smbus 0000:00:1f.3: SMBus using PCI interrupt
[    4.763775] i2c i2c-0: Memory type 0x07 not supported yet, not instantiating SPD
[    4.769982] virtio-pci 0000:00:01.0: [drm] fb0: virtio_gpudrmfb frame buffer device
[    4.809674] EXT4-fs (vda2): mounted filesystem 2df0bfd1-0a62-47ec-8052-7457a6e2f6e3 r/w with ordered data mode. Quota mode: none.
[    4.815066] loop0: detected capacity change from 0 to 136816
[    4.816395] loop1: detected capacity change from 0 to 102608
[    4.817987] loop2: detected capacity change from 0 to 3088
[    4.972715] audit: type=1400 audit(1788511035.615:2): apparmor="STATUS" operation="profile_load" profile="unconfined" name="1password" pid=763 comm="apparmor_parser"
[    4.972719] audit: type=1400 audit(1788511035.616:3): apparmor="STATUS" operation="profile_load" profile="unconfined" name="Discord" pid=764 comm="apparmor_parser"
[    4.974671] audit: type=1400 audit(1788511035.619:4): apparmor="STATUS" operation="profile_load" profile="unconfined" name=4D6F6E676F444220436F6D70617373 pid=767 comm="apparmor_parser"
[    4.980153] audit: type=1400 audit(1788511035.624:5): apparmor="STATUS" operation="profile_load" profile="unconfined" name="QtWebEngineProcess" pid=768 comm="apparmor_parser"
[    5.046762] audit: type=1400 audit(1788511035.691:6): apparmor="STATUS" operation="profile_load" profile="unconfined" name="alsamixer" pid=770 comm="apparmor_parser"
[    5.092144] audit: type=1400 audit(1788511035.736:7): apparmor="STATUS" operation="profile_load" profile="unconfined" name="babeld" pid=798 comm="apparmor_parser"
[    5.101770] audit: type=1400 audit(1788511035.746:8): apparmor="STATUS" operation="profile_load" profile="unconfined" name="balena-etcher" pid=808 comm="apparmor_parser"
[    5.175357] kvm_amd: TSC scaling supported
[    5.175361] kvm_amd: Nested Virtualization enabled
[    5.175363] kvm_amd: Nested Paging enabled
[    5.175366] kvm_amd: LBR virtualization supported
[    5.175368] kvm_amd: Virtual VMLOAD VMSAVE supported
[    5.175369] kvm_amd: Virtual GIF supported
[    5.189489] audit: type=1400 audit(1788511035.833:9): apparmor="STATUS" operation="profile_load" profile="unconfined" name="bfdd" pid=810 comm="apparmor_parser"
[    5.215020] audit: type=1400 audit(1788511035.859:10): apparmor="STATUS" operation="profile_load" profile="unconfined" name="bgpd" pid=833 comm="apparmor_parser"
[    5.217026] audit: type=1400 audit(1788511035.861:11): apparmor="STATUS" operation="profile_load" profile="unconfined" name="brave" pid=839 comm="apparmor_parser"
[    5.218054] audit: type=1400 audit(1788511035.862:12): apparmor="STATUS" operation="profile_load" profile="unconfined" name="Xorg" pid=769 comm="apparmor_parser"
[    5.218385] audit: type=1400 audit(1788511035.862:13): apparmor="STATUS" operation="profile_load" profile="unconfined" name="Xorg_wrap" pid=769 comm="apparmor_parser"
[    5.218580] audit: type=1400 audit(1788511035.862:14): apparmor="STATUS" operation="profile_load" profile="unconfined" name="buildah" pid=840 comm="apparmor_parser"
[    5.221806] audit: type=1400 audit(1788511035.866:15): apparmor="STATUS" operation="profile_load" profile="unconfined" name="cam" pid=842 comm="apparmor_parser"
[    5.223677] audit: type=1400 audit(1788511035.868:16): apparmor="STATUS" operation="profile_load" profile="unconfined" name="ch-checkns" pid=843 comm="apparmor_parser"
[    5.224680] audit: type=1400 audit(1788511035.869:17): apparmor="STATUS" operation="profile_load" profile="unconfined" name="bwrap" pid=841 comm="apparmor_parser"
[    5.224856] audit: type=1400 audit(1788511035.869:18): apparmor="STATUS" operation="profile_load" profile="unconfined" name="unpriv_bwrap" pid=841 comm="apparmor_parser"
[    5.225705] audit: type=1400 audit(1788511035.870:19): apparmor="STATUS" operation="profile_load" profile="unconfined" name="ch-run" pid=844 comm="apparmor_parser"
[    5.869782] cfg80211: Loading compiled-in X.509 certificates for regulatory database
[    5.871358] Loaded X.509 cert 'sforshee: 00b28ddf47aef9cea7'
[    5.871466] Loaded X.509 cert 'wens: 61c038651aabdcf94bd0ac7ff06c7248db18c600'
[    7.087330] NET: Registered PF_QIPCRTR protocol family
[    7.204655] loop3: detected capacity change from 0 to 8
[   10.678774] rdma_rxe: loaded
[   10.692737] infiniband rxe0: set active
[   10.692740] infiniband rxe0: added enp17s0
[   10.693765] smbdirect: ib_dev[rxe0]: added: IB_CA max_fast_reg_page_list_len=512 device_cap_flags=0x1c001223c76 kernel_cap_flags=0x14 page_size_cap=0xfffff000
[   10.693769] smbdirect: ib_dev[rxe0]: num_ports=1 max_qp_rd_atom=128 max_qp_init_rd_atom=128 max_sgl_rd=0 max_sge_rd=32 max_cqe=32767 max_qp_wr=1048576 max_send_sge=32 max_recv_sge=32
[   10.693773] smbdirect: ib_dev[rxe0]PORT[1]: iwarp=0 ib=0 roce=1 v1=0 v2=1 core_cap_flags=0x803005
[   10.770987] Loading iSCSI transport class v2.0-870.
[   10.792505] iscsi: registered transport (iser)
[   10.833819] RPC: Registered named UNIX socket transport module.
[   10.833823] RPC: Registered udp transport module.
[   10.833824] RPC: Registered tcp transport module.
[   10.833825] RPC: Registered tcp-with-tls transport module.
[   10.833827] RPC: Registered tcp NFSv4.1 backchannel transport module.
[   10.848039] RPC: Registered rdma transport module.
[   10.848041] RPC: Registered rdma backchannel transport module.
[  139.878132] netfs: FS-Cache loaded
[  139.932800] Key type cifs.spnego registered
[  139.932812] Key type cifs.idmap registered
[  139.933153] CIFS: Attempting to mount //192.168.45.10/linux-cifs
[  139.933319] CIFS: VFS: _smbd_get_connection:326 connect to 192.168.45.10:5445 failed: -ENODEV
[  139.935031] CIFS: VFS: RDMA transport established
[  142.340423] _ib_cache_gid_del: can't delete gid fe80:0000:0000:0000:5054:00ff:fe61:d653 error=-22
[  142.340679] rxe0: Port: 1 Link DOWN
[  142.344605] infiniband rxe0: del_gid port=1 index=1 gid 0000:0000:0000:0000:0000:ffff:c0a8:2d14
[  142.344791] rxe0: Port: 1 Link ACTIVE
[  142.354681] infiniband rxe0: store_gid_entry port=1 index=2 gid 0000:0000:0000:0000:0000:ffff:c0a8:2d14
[  200.963085] CIFS: VFS: smbdirect_connection_send_io_done:1443 smbdirect_socket_schedule_cleanup(-ECONNABORTED) called from smbdirect_connection_send_io_done in line=1443 status=CONNECTED
[  200.964492] CIFS: VFS: smbdirect_connection_send_wait_zero_pending:1290 status=DISCONNECTING first_error=-ECONNABORTED => -ENOTCONN
[  368.897127] INFO: task cifsd:1732 blocked for more than 122 seconds.
[  368.897188]       Tainted: G        W           7.3.0-rc1-cifs #7
[  368.897233] "echo 0 > /proc/sys/kernel/hung_task_timeout_secs" disables this message.
[  368.897287] task:cifsd           state:D stack:0     pid:1732  tgid:1732  ppid:2      task_flags:0x240840 flags:0x00080000
[  368.897307] Call Trace:
[  368.897317]  <TASK>
[  368.897338]  __schedule+0x417/0x1910
[  368.897370]  ? smbdirect_socket_destroy_sync+0x6fb/0xaa0 [smbdirect]
[  368.897401]  schedule+0x28/0xb0
[  368.897416]  ? ftrace_stub_direct_tramp+0x10/0x10
[  368.897429]  smbdirect_socket_destroy_sync+0x6e6/0xaa0 [smbdirect]
[  368.897453]  ? __pfx_autoremove_wake_function+0x10/0x10
[  368.897479]  ? ftrace_stub_direct_tramp+0x10/0x10
[  368.897490]  smbdirect_socket_release+0x61/0xb0 [smbdirect]
[  368.897509]  smbd_destroy+0x23/0x90 [cifs]
[  368.897563]  cifs_abort_connection+0x493/0x540 [cifs]
[  368.897618]  ? cifs_abort_connection+0x5/0x540 [cifs]
[  368.897679]  __cifs_reconnect+0x4e/0x420 [cifs]
[  368.897755]  cifs_readv_from_socket+0x28b/0x2f0 [cifs]
[  368.897799]  ? update_rq_clock+0x7e/0x190
[  368.897822]  cifs_read_from_socket+0x56/0x80 [cifs]
[  368.897898]  cifs_demultiplex_thread+0x102/0xfc0 [cifs]
[  368.897947]  ? __pfx_cifs_compound_last_callback+0x10/0x10 [cifs]
[  368.898048]  ? srso_alias_return_thunk+0x5/0xfbef5
[  368.898061]  ? __set_cpus_allowed_ptr_locked+0xed/0x200
[  368.898111]  ? __pfx_cifs_demultiplex_thread+0x10/0x10 [cifs]
[  368.898156]  kthread+0xf9/0x130
[  368.898168]  ? __pfx_kthread+0x10/0x10
[  368.898193]  ret_from_fork+0x2c3/0x380
[  368.898203]  ? __pfx_kthread+0x10/0x10
[  368.898213]  ? __pfx_kthread+0x10/0x10
[  368.898226]  ret_from_fork_asm+0x1a/0x30
[  368.898265]  </TASK>
